2024-07-01 12:05:09   Start Torque Sensor Calib
2024-07-01 12:05:09   Execute in service
2024-07-01 12:05:09   In tbc_MainMenu
2024-07-01 12:05:09   In tsc_UITool
2024-07-01 12:05:11   In tsc_UISearchTool
2024-07-01 12:05:11   tooldata found = tool0
2024-07-01 12:05:14   Set tool0 as active tool
2024-07-01 12:05:14   Active tool tool0
2024-07-01 12:05:16   In CalibrateAxisMenu
2024-07-01 12:05:16   In SelectCalibrationPoses
2024-07-01 12:05:33   In GetCalibrationAxis
2024-07-01 12:05:36   Will use tool0 in movements
2024-07-01 12:05:36   In CalibrateAxis
2024-07-01 12:05:36   In tsc_init_data, reset all arrays
2024-07-01 12:05:36   In tsc_SweepAxis
2024-07-01 12:05:36      recording = TRUE
2024-07-01 12:05:36   In tsc_InitSignalRecording
2024-07-01 12:05:36   In tsc_StartSignalRecording
2024-07-01 12:05:36      triggerEnablePos = 0.14886
2024-07-01 12:05:36      triggerDisablePos = 1.2804
2024-07-01 12:05:36     Time calculated = 0.1
2024-07-01 12:05:36      Use RecordForwardMovement
2024-07-01 12:05:36      Start MoveAbsJ
2024-07-01 12:06:11   In tsc_StopSignalRecording
2024-07-01 12:06:11      trqsens_err =0
2024-07-01 12:06:11      MoveAbsJ ended
2024-07-01 12:06:11   In tsc_StartSignalRecording
2024-07-01 12:06:11      triggerEnablePos = 1.2804
2024-07-01 12:06:11      triggerDisablePos = 0.14886
2024-07-01 12:06:11     Time calculated = 0.1
2024-07-01 12:06:11      Use RecordBackwardMovement
2024-07-01 12:06:11      Start MoveAbsJ
2024-07-01 12:06:45   In tsc_StopSignalRecording
2024-07-01 12:06:45      trqsens_err =0
2024-07-01 12:06:45      MoveAbsJ ended
2024-07-01 12:06:45   In tsc_InitConfigFor
2024-07-01 12:06:45   In tsc_InitCalibrationRecord
2024-07-01 12:06:45   In tsc_ReadTemperatures
2024-07-01 12:06:46   In tsc_ReadTorqueOffsets
2024-07-01 12:06:46   Before MocGenInstr 4500
2024-07-01 12:06:46   After MocGenInstr 4500
2024-07-01 12:06:46   In tsc_CalcOffsets
2024-07-01 12:06:46   In tsc_RemapXCoords
2024-07-01 12:06:46      fwdLen = 300
2024-07-01 12:06:46      bwdLen = 300
2024-07-01 12:06:46   In FindIndex
2024-07-01 12:06:46   In FindIndex
2024-07-01 12:06:46   In Interpolate
2024-07-01 12:06:46   In Interpolate
2024-07-01 12:06:46   In Interpolate
2024-07-01 12:06:46   In Interpolate
2024-07-01 12:06:46   In Interpolate
2024-07-01 12:06:46   In Interpolate
2024-07-01 12:06:46   In FindIndex
2024-07-01 12:06:46   In FindIndex
2024-07-01 12:06:46   In Interpolate
2024-07-01 12:06:46   In Interpolate
2024-07-01 12:06:46   In Interpolate
2024-07-01 12:06:46   In Interpolate
2024-07-01 12:06:46   In Interpolate
2024-07-01 12:06:46   In Interpolate
2024-07-01 12:06:46   In FindIndex
2024-07-01 12:06:46   In FindIndex
2024-07-01 12:06:46   In Interpolate
2024-07-01 12:06:46   In Interpolate
2024-07-01 12:06:46   In Interpolate
2024-07-01 12:06:46   In Interpolate
2024-07-01 12:06:46   In Interpolate
2024-07-01 12:06:46   In Interpolate
2024-07-01 12:06:46   In FindIndex
2024-07-01 12:06:46   In FindIndex
2024-07-01 12:06:46   In Interpolate
2024-07-01 12:06:46   In Interpolate
2024-07-01 12:06:46   In Interpolate
2024-07-01 12:06:46   In Interpolate
2024-07-01 12:06:46   In Interpolate
2024-07-01 12:06:46   In Interpolate
2024-07-01 12:06:46   In FindIndex
2024-07-01 12:06:46   In FindIndex
2024-07-01 12:06:46   In Interpolate
2024-07-01 12:06:46   In Interpolate
2024-07-01 12:06:46   In Interpolate
2024-07-01 12:06:46   In Interpolate
2024-07-01 12:06:46   In Interpolate
2024-07-01 12:06:46   In Interpolate
2024-07-01 12:06:46   In FindIndex
2024-07-01 12:06:46   In FindIndex
2024-07-01 12:06:46   In Interpolate
2024-07-01 12:06:46   In Interpolate
2024-07-01 12:06:46   In Interpolate
2024-07-01 12:06:46   In Interpolate
2024-07-01 12:06:46   In Interpolate
2024-07-01 12:06:46   In Interpolate
2024-07-01 12:06:46   In FindIndex
2024-07-01 12:06:46   In FindIndex
2024-07-01 12:06:46   In Interpolate
2024-07-01 12:06:46   In Interpolate
2024-07-01 12:06:46   In Interpolate
2024-07-01 12:06:46   In Interpolate
2024-07-01 12:06:46   In Interpolate
2024-07-01 12:06:46   In Interpolate
2024-07-01 12:06:46   In FindIndex
2024-07-01 12:06:46   In FindIndex
2024-07-01 12:06:46   In Interpolate
2024-07-01 12:06:46   In Interpolate
2024-07-01 12:06:46   In Interpolate
2024-07-01 12:06:46   In Interpolate
2024-07-01 12:06:46   In Interpolate
2024-07-01 12:06:46   In Interpolate
2024-07-01 12:06:46   In FindIndex
2024-07-01 12:06:46   In FindIndex
2024-07-01 12:06:46   In Interpolate
2024-07-01 12:06:46   In Interpolate
2024-07-01 12:06:46   In Interpolate
2024-07-01 12:06:46   In Interpolate
2024-07-01 12:06:46   In Interpolate
2024-07-01 12:06:46   In Interpolate
2024-07-01 12:06:46   In FindIndex
2024-07-01 12:06:46   In FindIndex
2024-07-01 12:06:46   In Interpolate
2024-07-01 12:06:46   In Interpolate
2024-07-01 12:06:46   In Interpolate
2024-07-01 12:06:46   In Interpolate
2024-07-01 12:06:46   In Interpolate
2024-07-01 12:06:46   In Interpolate
2024-07-01 12:06:46   In FindIndex
2024-07-01 12:06:46   In FindIndex
2024-07-01 12:06:46   In Interpolate
2024-07-01 12:06:46   In Interpolate
2024-07-01 12:06:46   In Interpolate
2024-07-01 12:06:46   In Interpolate
2024-07-01 12:06:46   In Interpolate
2024-07-01 12:06:46   In Interpolate
2024-07-01 12:06:46   In FindIndex
2024-07-01 12:06:46   In FindIndex
2024-07-01 12:06:46   In Interpolate
2024-07-01 12:06:46   In Interpolate
2024-07-01 12:06:46   In Interpolate
2024-07-01 12:06:46   In Interpolate
2024-07-01 12:06:46   In Interpolate
2024-07-01 12:06:46   In Interpolate
2024-07-01 12:06:46   In FindIndex
2024-07-01 12:06:46   In FindIndex
2024-07-01 12:06:46   In Interpolate
2024-07-01 12:06:46   In Interpolate
2024-07-01 12:06:46   In Interpolate
2024-07-01 12:06:46   In Interpolate
2024-07-01 12:06:46   In Interpolate
2024-07-01 12:06:46   In Interpolate
2024-07-01 12:06:46   In FindIndex
2024-07-01 12:06:46   In FindIndex
2024-07-01 12:06:46   In Interpolate
2024-07-01 12:06:46   In Interpolate
2024-07-01 12:06:46   In Interpolate
2024-07-01 12:06:46   In Interpolate
2024-07-01 12:06:46   In Interpolate
2024-07-01 12:06:46   In Interpolate
2024-07-01 12:06:46   In FindIndex
2024-07-01 12:06:46   In FindIndex
2024-07-01 12:06:46   In Interpolate
2024-07-01 12:06:46   In Interpolate
2024-07-01 12:06:46   In Interpolate
2024-07-01 12:06:46   In Interpolate
2024-07-01 12:06:46   In Interpolate
2024-07-01 12:06:46   In Interpolate
2024-07-01 12:06:46   In FindIndex
2024-07-01 12:06:46   In FindIndex
2024-07-01 12:06:46   In Interpolate
2024-07-01 12:06:46   In Interpolate
2024-07-01 12:06:46   In Interpolate
2024-07-01 12:06:46   In Interpolate
2024-07-01 12:06:46   In Interpolate
2024-07-01 12:06:46   In Interpolate
2024-07-01 12:06:46   In FindIndex
2024-07-01 12:06:46   In FindIndex
2024-07-01 12:06:46   In Interpolate
2024-07-01 12:06:46   In Interpolate
2024-07-01 12:06:46   In Interpolate
2024-07-01 12:06:46   In Interpolate
2024-07-01 12:06:46   In Interpolate
2024-07-01 12:06:46   In Interpolate
2024-07-01 12:06:46   In FindIndex
2024-07-01 12:06:46   In FindIndex
2024-07-01 12:06:46   In Interpolate
2024-07-01 12:06:46   In Interpolate
2024-07-01 12:06:46   In Interpolate
2024-07-01 12:06:46   In Interpolate
2024-07-01 12:06:46   In Interpolate
2024-07-01 12:06:46   In Interpolate
2024-07-01 12:06:46   In FindIndex
2024-07-01 12:06:46   In FindIndex
2024-07-01 12:06:46   In Interpolate
2024-07-01 12:06:46   In Interpolate
2024-07-01 12:06:46   In Interpolate
2024-07-01 12:06:46   In Interpolate
2024-07-01 12:06:46   In Interpolate
2024-07-01 12:06:46   In Interpolate
2024-07-01 12:06:46   In FindIndex
2024-07-01 12:06:46   In FindIndex
2024-07-01 12:06:46   In Interpolate
2024-07-01 12:06:46   In Interpolate
2024-07-01 12:06:46   In Interpolate
2024-07-01 12:06:46   In Interpolate
2024-07-01 12:06:46   In Interpolate
2024-07-01 12:06:46   In Interpolate
2024-07-01 12:06:46   In FindIndex
2024-07-01 12:06:46   In FindIndex
2024-07-01 12:06:46   In Interpolate
2024-07-01 12:06:46   In Interpolate
2024-07-01 12:06:46   In Interpolate
2024-07-01 12:06:46   In Interpolate
2024-07-01 12:06:46   In Interpolate
2024-07-01 12:06:46   In Interpolate
2024-07-01 12:06:46   In FindIndex
2024-07-01 12:06:46   In FindIndex
2024-07-01 12:06:46   In Interpolate
2024-07-01 12:06:46   In Interpolate
2024-07-01 12:06:46   In Interpolate
2024-07-01 12:06:46   In Interpolate
2024-07-01 12:06:46   In Interpolate
2024-07-01 12:06:46   In Interpolate
2024-07-01 12:06:46   In FindIndex
2024-07-01 12:06:46   In FindIndex
2024-07-01 12:06:46   In Interpolate
2024-07-01 12:06:46   In Interpolate
2024-07-01 12:06:46   In Interpolate
2024-07-01 12:06:46   In Interpolate
2024-07-01 12:06:46   In Interpolate
2024-07-01 12:06:46   In Interpolate
2024-07-01 12:06:46   In FindIndex
2024-07-01 12:06:46   In FindIndex
2024-07-01 12:06:46   In Interpolate
2024-07-01 12:06:46   In Interpolate
2024-07-01 12:06:46   In Interpolate
2024-07-01 12:06:46   In Interpolate
2024-07-01 12:06:46   In Interpolate
2024-07-01 12:06:46   In Interpolate
2024-07-01 12:06:46   In FindIndex
2024-07-01 12:06:46   In FindIndex
2024-07-01 12:06:46   In Interpolate
2024-07-01 12:06:46   In Interpolate
2024-07-01 12:06:46   In Interpolate
2024-07-01 12:06:46   In Interpolate
2024-07-01 12:06:46   In Interpolate
2024-07-01 12:06:46   In Interpolate
2024-07-01 12:06:46   In FindIndex
2024-07-01 12:06:46   In FindIndex
2024-07-01 12:06:46   In Interpolate
2024-07-01 12:06:46   In Interpolate
2024-07-01 12:06:46   In Interpolate
2024-07-01 12:06:46   In Interpolate
2024-07-01 12:06:46   In Interpolate
2024-07-01 12:06:46   In Interpolate
2024-07-01 12:06:46   In FindIndex
2024-07-01 12:06:46   In FindIndex
2024-07-01 12:06:46   In Interpolate
2024-07-01 12:06:46   In Interpolate
2024-07-01 12:06:46   In Interpolate
2024-07-01 12:06:46   In Interpolate
2024-07-01 12:06:46   In Interpolate
2024-07-01 12:06:46   In Interpolate
2024-07-01 12:06:46   In FindIndex
2024-07-01 12:06:46   In FindIndex
2024-07-01 12:06:46   In Interpolate
2024-07-01 12:06:46   In Interpolate
2024-07-01 12:06:46   In Interpolate
2024-07-01 12:06:46   In Interpolate
2024-07-01 12:06:46   In Interpolate
2024-07-01 12:06:46   In Interpolate
2024-07-01 12:06:46   In FindIndex
2024-07-01 12:06:46   In FindIndex
2024-07-01 12:06:46   In Interpolate
2024-07-01 12:06:46   In Interpolate
2024-07-01 12:06:46   In Interpolate
2024-07-01 12:06:46   In Interpolate
2024-07-01 12:06:46   In Interpolate
2024-07-01 12:06:46   In Interpolate
2024-07-01 12:06:46   In FindIndex
2024-07-01 12:06:46   In FindIndex
2024-07-01 12:06:46   In Interpolate
2024-07-01 12:06:46   In Interpolate
2024-07-01 12:06:46   In Interpolate
2024-07-01 12:06:46   In Interpolate
2024-07-01 12:06:46   In Interpolate
2024-07-01 12:06:46   In Interpolate
2024-07-01 12:06:46   In FindIndex
2024-07-01 12:06:46   In FindIndex
2024-07-01 12:06:46   In Interpolate
2024-07-01 12:06:46   In Interpolate
2024-07-01 12:06:47   In Interpolate
2024-07-01 12:06:47   In Interpolate
2024-07-01 12:06:47   In Interpolate
2024-07-01 12:06:47   In Interpolate
2024-07-01 12:06:47   In FindIndex
2024-07-01 12:06:47   In FindIndex
2024-07-01 12:06:47   In Interpolate
2024-07-01 12:06:47   In Interpolate
2024-07-01 12:06:47   In Interpolate
2024-07-01 12:06:47   In Interpolate
2024-07-01 12:06:47   In Interpolate
2024-07-01 12:06:47   In Interpolate
2024-07-01 12:06:47   In FindIndex
2024-07-01 12:06:47   In FindIndex
2024-07-01 12:06:47   In Interpolate
2024-07-01 12:06:47   In Interpolate
2024-07-01 12:06:47   In Interpolate
2024-07-01 12:06:47   In Interpolate
2024-07-01 12:06:47   In Interpolate
2024-07-01 12:06:47   In Interpolate
2024-07-01 12:06:47   In FindIndex
2024-07-01 12:06:47   In FindIndex
2024-07-01 12:06:47   In Interpolate
2024-07-01 12:06:47   In Interpolate
2024-07-01 12:06:47   In Interpolate
2024-07-01 12:06:47   In Interpolate
2024-07-01 12:06:47   In Interpolate
2024-07-01 12:06:47   In Interpolate
2024-07-01 12:06:47   In FindIndex
2024-07-01 12:06:47   In FindIndex
2024-07-01 12:06:47   In Interpolate
2024-07-01 12:06:47   In Interpolate
2024-07-01 12:06:47   In Interpolate
2024-07-01 12:06:47   In Interpolate
2024-07-01 12:06:47   In Interpolate
2024-07-01 12:06:47   In Interpolate
2024-07-01 12:06:47   In FindIndex
2024-07-01 12:06:47   In FindIndex
2024-07-01 12:06:47   In Interpolate
2024-07-01 12:06:47   In Interpolate
2024-07-01 12:06:47   In Interpolate
2024-07-01 12:06:47   In Interpolate
2024-07-01 12:06:47   In Interpolate
2024-07-01 12:06:47   In Interpolate
2024-07-01 12:06:47   In FindIndex
2024-07-01 12:06:47   In FindIndex
2024-07-01 12:06:47   In Interpolate
2024-07-01 12:06:47   In Interpolate
2024-07-01 12:06:47   In Interpolate
2024-07-01 12:06:47   In Interpolate
2024-07-01 12:06:47   In Interpolate
2024-07-01 12:06:47   In Interpolate
2024-07-01 12:06:47   In FindIndex
2024-07-01 12:06:47   In FindIndex
2024-07-01 12:06:47   In Interpolate
2024-07-01 12:06:47   In Interpolate
2024-07-01 12:06:47   In Interpolate
2024-07-01 12:06:47   In Interpolate
2024-07-01 12:06:47   In Interpolate
2024-07-01 12:06:47   In Interpolate
2024-07-01 12:06:47   In FindIndex
2024-07-01 12:06:47   In FindIndex
2024-07-01 12:06:47   In Interpolate
2024-07-01 12:06:47   In Interpolate
2024-07-01 12:06:47   In Interpolate
2024-07-01 12:06:47   In Interpolate
2024-07-01 12:06:47   In Interpolate
2024-07-01 12:06:47   In Interpolate
2024-07-01 12:06:47   In FindIndex
2024-07-01 12:06:47   In FindIndex
2024-07-01 12:06:47   In Interpolate
2024-07-01 12:06:47   In Interpolate
2024-07-01 12:06:47   In Interpolate
2024-07-01 12:06:47   In Interpolate
2024-07-01 12:06:47   In Interpolate
2024-07-01 12:06:47   In Interpolate
2024-07-01 12:06:47   In FindIndex
2024-07-01 12:06:47   In FindIndex
2024-07-01 12:06:47   In Interpolate
2024-07-01 12:06:47   In Interpolate
2024-07-01 12:06:47   In Interpolate
2024-07-01 12:06:47   In Interpolate
2024-07-01 12:06:47   In Interpolate
2024-07-01 12:06:47   In Interpolate
2024-07-01 12:06:47   In FindIndex
2024-07-01 12:06:47   In FindIndex
2024-07-01 12:06:47   In Interpolate
2024-07-01 12:06:47   In Interpolate
2024-07-01 12:06:47   In Interpolate
2024-07-01 12:06:47   In Interpolate
2024-07-01 12:06:47   In Interpolate
2024-07-01 12:06:47   In Interpolate
2024-07-01 12:06:47   In FindIndex
2024-07-01 12:06:47   In FindIndex
2024-07-01 12:06:47   In Interpolate
2024-07-01 12:06:47   In Interpolate
2024-07-01 12:06:47   In Interpolate
2024-07-01 12:06:47   In Interpolate
2024-07-01 12:06:47   In Interpolate
2024-07-01 12:06:47   In Interpolate
2024-07-01 12:06:47   In FindIndex
2024-07-01 12:06:47   In FindIndex
2024-07-01 12:06:47   In Interpolate
2024-07-01 12:06:47   In Interpolate
2024-07-01 12:06:47   In Interpolate
2024-07-01 12:06:47   In Interpolate
2024-07-01 12:06:47   In Interpolate
2024-07-01 12:06:47   In Interpolate
2024-07-01 12:06:47   In FindIndex
2024-07-01 12:06:47   In FindIndex
2024-07-01 12:06:47   In Interpolate
2024-07-01 12:06:47   In Interpolate
2024-07-01 12:06:47   In Interpolate
2024-07-01 12:06:47   In Interpolate
2024-07-01 12:06:47   In Interpolate
2024-07-01 12:06:47   In Interpolate
2024-07-01 12:06:47   In FindIndex
2024-07-01 12:06:47   In FindIndex
2024-07-01 12:06:47   In Interpolate
2024-07-01 12:06:47   In Interpolate
2024-07-01 12:06:47   In Interpolate
2024-07-01 12:06:47   In Interpolate
2024-07-01 12:06:47   In Interpolate
2024-07-01 12:06:47   In Interpolate
2024-07-01 12:06:47   In FindIndex
2024-07-01 12:06:47   In FindIndex
2024-07-01 12:06:47   In Interpolate
2024-07-01 12:06:47   In Interpolate
2024-07-01 12:06:47   In Interpolate
2024-07-01 12:06:47   In Interpolate
2024-07-01 12:06:47   In Interpolate
2024-07-01 12:06:47   In Interpolate
2024-07-01 12:06:47   In FindIndex
2024-07-01 12:06:47   In FindIndex
2024-07-01 12:06:47   In Interpolate
2024-07-01 12:06:47   In Interpolate
2024-07-01 12:06:47   In Interpolate
2024-07-01 12:06:47   In Interpolate
2024-07-01 12:06:47   In Interpolate
2024-07-01 12:06:47   In Interpolate
2024-07-01 12:06:47   In FindIndex
2024-07-01 12:06:47   In FindIndex
2024-07-01 12:06:47   In Interpolate
2024-07-01 12:06:47   In Interpolate
2024-07-01 12:06:47   In Interpolate
2024-07-01 12:06:47   In Interpolate
2024-07-01 12:06:47   In Interpolate
2024-07-01 12:06:47   In Interpolate
2024-07-01 12:06:47   In FindIndex
2024-07-01 12:06:47   In FindIndex
2024-07-01 12:06:47   In Interpolate
2024-07-01 12:06:47   In Interpolate
2024-07-01 12:06:47   In Interpolate
2024-07-01 12:06:47   In Interpolate
2024-07-01 12:06:47   In Interpolate
2024-07-01 12:06:47   In Interpolate
2024-07-01 12:06:47   In FindIndex
2024-07-01 12:06:47   In FindIndex
2024-07-01 12:06:47   In Interpolate
2024-07-01 12:06:47   In Interpolate
2024-07-01 12:06:47   In Interpolate
2024-07-01 12:06:47   In Interpolate
2024-07-01 12:06:47   In Interpolate
2024-07-01 12:06:47   In Interpolate
2024-07-01 12:06:47   In FindIndex
2024-07-01 12:06:47   In FindIndex
2024-07-01 12:06:47   In Interpolate
2024-07-01 12:06:47   In Interpolate
2024-07-01 12:06:47   In Interpolate
2024-07-01 12:06:47   In Interpolate
2024-07-01 12:06:47   In Interpolate
2024-07-01 12:06:47   In Interpolate
2024-07-01 12:06:47   In FindIndex
2024-07-01 12:06:47   In FindIndex
2024-07-01 12:06:47   In Interpolate
2024-07-01 12:06:47   In Interpolate
2024-07-01 12:06:47   In Interpolate
2024-07-01 12:06:47   In Interpolate
2024-07-01 12:06:47   In Interpolate
2024-07-01 12:06:47   In Interpolate
2024-07-01 12:06:47   In FindIndex
2024-07-01 12:06:47   In FindIndex
2024-07-01 12:06:47   In Interpolate
2024-07-01 12:06:47   In Interpolate
2024-07-01 12:06:47   In Interpolate
2024-07-01 12:06:47   In Interpolate
2024-07-01 12:06:47   In Interpolate
2024-07-01 12:06:47   In Interpolate
2024-07-01 12:06:47   In FindIndex
2024-07-01 12:06:47   In FindIndex
2024-07-01 12:06:47   In Interpolate
2024-07-01 12:06:47   In Interpolate
2024-07-01 12:06:47   In Interpolate
2024-07-01 12:06:47   In Interpolate
2024-07-01 12:06:47   In Interpolate
2024-07-01 12:06:47   In Interpolate
2024-07-01 12:06:47   In FindIndex
2024-07-01 12:06:47   In FindIndex
2024-07-01 12:06:47   In Interpolate
2024-07-01 12:06:47   In Interpolate
2024-07-01 12:06:47   In Interpolate
2024-07-01 12:06:47   In Interpolate
2024-07-01 12:06:47   In Interpolate
2024-07-01 12:06:47   In Interpolate
2024-07-01 12:06:47   In FindIndex
2024-07-01 12:06:47   In FindIndex
2024-07-01 12:06:47   In Interpolate
2024-07-01 12:06:47   In Interpolate
2024-07-01 12:06:47   In Interpolate
2024-07-01 12:06:47   In Interpolate
2024-07-01 12:06:47   In Interpolate
2024-07-01 12:06:47   In Interpolate
2024-07-01 12:06:47   In FindIndex
2024-07-01 12:06:47   In FindIndex
2024-07-01 12:06:47   In Interpolate
2024-07-01 12:06:47   In Interpolate
2024-07-01 12:06:47   In Interpolate
2024-07-01 12:06:47   In Interpolate
2024-07-01 12:06:47   In Interpolate
2024-07-01 12:06:47   In Interpolate
2024-07-01 12:06:47   In FindIndex
2024-07-01 12:06:47   In FindIndex
2024-07-01 12:06:47   In Interpolate
2024-07-01 12:06:47   In Interpolate
2024-07-01 12:06:47   In Interpolate
2024-07-01 12:06:47   In Interpolate
2024-07-01 12:06:47   In Interpolate
2024-07-01 12:06:47   In Interpolate
2024-07-01 12:06:47   In FindIndex
2024-07-01 12:06:47   In FindIndex
2024-07-01 12:06:47   In Interpolate
2024-07-01 12:06:47   In Interpolate
2024-07-01 12:06:47   In Interpolate
2024-07-01 12:06:47   In Interpolate
2024-07-01 12:06:47   In Interpolate
2024-07-01 12:06:47   In Interpolate
2024-07-01 12:06:47   In FindIndex
2024-07-01 12:06:47   In FindIndex
2024-07-01 12:06:47   In Interpolate
2024-07-01 12:06:47   In Interpolate
2024-07-01 12:06:47   In Interpolate
2024-07-01 12:06:47   In Interpolate
2024-07-01 12:06:47   In Interpolate
2024-07-01 12:06:47   In Interpolate
2024-07-01 12:06:47   In FindIndex
2024-07-01 12:06:47   In FindIndex
2024-07-01 12:06:47   In Interpolate
2024-07-01 12:06:47   In Interpolate
2024-07-01 12:06:47   In Interpolate
2024-07-01 12:06:47   In Interpolate
2024-07-01 12:06:47   In Interpolate
2024-07-01 12:06:47   In Interpolate
2024-07-01 12:06:47   In FindIndex
2024-07-01 12:06:47   In FindIndex
2024-07-01 12:06:47   In Interpolate
2024-07-01 12:06:47   In Interpolate
2024-07-01 12:06:47   In Interpolate
2024-07-01 12:06:47   In Interpolate
2024-07-01 12:06:47   In Interpolate
2024-07-01 12:06:47   In Interpolate
2024-07-01 12:06:47   In FindIndex
2024-07-01 12:06:47   In FindIndex
2024-07-01 12:06:47   In Interpolate
2024-07-01 12:06:47   In Interpolate
2024-07-01 12:06:47   In Interpolate
2024-07-01 12:06:47   In Interpolate
2024-07-01 12:06:47   In Interpolate
2024-07-01 12:06:47   In Interpolate
2024-07-01 12:06:47   In FindIndex
2024-07-01 12:06:47   In FindIndex
2024-07-01 12:06:47   In Interpolate
2024-07-01 12:06:47   In Interpolate
2024-07-01 12:06:47   In Interpolate
2024-07-01 12:06:47   In Interpolate
2024-07-01 12:06:47   In Interpolate
2024-07-01 12:06:47   In Interpolate
2024-07-01 12:06:47   In FindIndex
2024-07-01 12:06:47   In FindIndex
2024-07-01 12:06:47   In Interpolate
2024-07-01 12:06:47   In Interpolate
2024-07-01 12:06:47   In Interpolate
2024-07-01 12:06:47   In Interpolate
2024-07-01 12:06:47   In Interpolate
2024-07-01 12:06:47   In Interpolate
2024-07-01 12:06:47   In FindIndex
2024-07-01 12:06:47   In FindIndex
2024-07-01 12:06:47   In Interpolate
2024-07-01 12:06:47   In Interpolate
2024-07-01 12:06:47   In Interpolate
2024-07-01 12:06:47   In Interpolate
2024-07-01 12:06:47   In Interpolate
2024-07-01 12:06:47   In Interpolate
2024-07-01 12:06:47   In FindIndex
2024-07-01 12:06:47   In FindIndex
2024-07-01 12:06:47   In Interpolate
2024-07-01 12:06:47   In Interpolate
2024-07-01 12:06:47   In Interpolate
2024-07-01 12:06:47   In Interpolate
2024-07-01 12:06:47   In Interpolate
2024-07-01 12:06:47   In Interpolate
2024-07-01 12:06:47   In FindIndex
2024-07-01 12:06:47   In FindIndex
2024-07-01 12:06:47   In Interpolate
2024-07-01 12:06:47   In Interpolate
2024-07-01 12:06:47   In Interpolate
2024-07-01 12:06:47   In Interpolate
2024-07-01 12:06:47   In Interpolate
2024-07-01 12:06:47   In Interpolate
2024-07-01 12:06:47   In FindIndex
2024-07-01 12:06:47   In FindIndex
2024-07-01 12:06:47   In Interpolate
2024-07-01 12:06:47   In Interpolate
2024-07-01 12:06:47   In Interpolate
2024-07-01 12:06:47   In Interpolate
2024-07-01 12:06:47   In Interpolate
2024-07-01 12:06:47   In Interpolate
2024-07-01 12:06:47   In FindIndex
2024-07-01 12:06:47   In FindIndex
2024-07-01 12:06:47   In Interpolate
2024-07-01 12:06:47   In Interpolate
2024-07-01 12:06:47   In Interpolate
2024-07-01 12:06:47   In Interpolate
2024-07-01 12:06:47   In Interpolate
2024-07-01 12:06:47   In Interpolate
2024-07-01 12:06:47   In FindIndex
2024-07-01 12:06:47   In FindIndex
2024-07-01 12:06:47   In Interpolate
2024-07-01 12:06:47   In Interpolate
2024-07-01 12:06:47   In Interpolate
2024-07-01 12:06:47   In Interpolate
2024-07-01 12:06:47   In Interpolate
2024-07-01 12:06:47   In Interpolate
2024-07-01 12:06:47   In FindIndex
2024-07-01 12:06:47   In FindIndex
2024-07-01 12:06:47   In Interpolate
2024-07-01 12:06:47   In Interpolate
2024-07-01 12:06:47   In Interpolate
2024-07-01 12:06:47   In Interpolate
2024-07-01 12:06:47   In Interpolate
2024-07-01 12:06:47   In Interpolate
2024-07-01 12:06:47   In FindIndex
2024-07-01 12:06:47   In FindIndex
2024-07-01 12:06:47   In Interpolate
2024-07-01 12:06:47   In Interpolate
2024-07-01 12:06:47   In Interpolate
2024-07-01 12:06:47   In Interpolate
2024-07-01 12:06:47   In Interpolate
2024-07-01 12:06:47   In Interpolate
2024-07-01 12:06:47   In FindIndex
2024-07-01 12:06:47   In FindIndex
2024-07-01 12:06:47   In Interpolate
2024-07-01 12:06:47   In Interpolate
2024-07-01 12:06:47   In Interpolate
2024-07-01 12:06:47   In Interpolate
2024-07-01 12:06:47   In Interpolate
2024-07-01 12:06:47   In Interpolate
2024-07-01 12:06:47   In FindIndex
2024-07-01 12:06:47   In FindIndex
2024-07-01 12:06:47   In Interpolate
2024-07-01 12:06:47   In Interpolate
2024-07-01 12:06:47   In Interpolate
2024-07-01 12:06:47   In Interpolate
2024-07-01 12:06:47   In Interpolate
2024-07-01 12:06:47   In Interpolate
2024-07-01 12:06:47   In FindIndex
2024-07-01 12:06:47   In FindIndex
2024-07-01 12:06:47   In Interpolate
2024-07-01 12:06:47   In Interpolate
2024-07-01 12:06:47   In Interpolate
2024-07-01 12:06:47   In Interpolate
2024-07-01 12:06:47   In Interpolate
2024-07-01 12:06:47   In Interpolate
2024-07-01 12:06:47   In FindIndex
2024-07-01 12:06:47   In FindIndex
2024-07-01 12:06:47   In Interpolate
2024-07-01 12:06:47   In Interpolate
2024-07-01 12:06:47   In Interpolate
2024-07-01 12:06:47   In Interpolate
2024-07-01 12:06:47   In Interpolate
2024-07-01 12:06:47   In Interpolate
2024-07-01 12:06:47   In FindIndex
2024-07-01 12:06:47   In FindIndex
2024-07-01 12:06:47   In Interpolate
2024-07-01 12:06:47   In Interpolate
2024-07-01 12:06:47   In Interpolate
2024-07-01 12:06:47   In Interpolate
2024-07-01 12:06:47   In Interpolate
2024-07-01 12:06:47   In Interpolate
2024-07-01 12:06:47   In FindIndex
2024-07-01 12:06:47   In FindIndex
2024-07-01 12:06:47   In Interpolate
2024-07-01 12:06:47   In Interpolate
2024-07-01 12:06:47   In Interpolate
2024-07-01 12:06:47   In Interpolate
2024-07-01 12:06:47   In Interpolate
2024-07-01 12:06:47   In Interpolate
2024-07-01 12:06:47   In FindIndex
2024-07-01 12:06:47   In FindIndex
2024-07-01 12:06:47   In Interpolate
2024-07-01 12:06:47   In Interpolate
2024-07-01 12:06:47   In Interpolate
2024-07-01 12:06:47   In Interpolate
2024-07-01 12:06:47   In Interpolate
2024-07-01 12:06:47   In Interpolate
2024-07-01 12:06:47   In FindIndex
2024-07-01 12:06:47   In FindIndex
2024-07-01 12:06:47   In Interpolate
2024-07-01 12:06:47   In Interpolate
2024-07-01 12:06:47   In Interpolate
2024-07-01 12:06:47   In Interpolate
2024-07-01 12:06:47   In Interpolate
2024-07-01 12:06:47   In Interpolate
2024-07-01 12:06:47   In FindIndex
2024-07-01 12:06:47   In FindIndex
2024-07-01 12:06:47   In Interpolate
2024-07-01 12:06:47   In Interpolate
2024-07-01 12:06:47   In Interpolate
2024-07-01 12:06:47   In Interpolate
2024-07-01 12:06:47   In Interpolate
2024-07-01 12:06:47   In Interpolate
2024-07-01 12:06:47   In FindIndex
2024-07-01 12:06:47   In FindIndex
2024-07-01 12:06:47   In Interpolate
2024-07-01 12:06:47   In Interpolate
2024-07-01 12:06:47   In Interpolate
2024-07-01 12:06:47   In Interpolate
2024-07-01 12:06:47   In Interpolate
2024-07-01 12:06:47   In Interpolate
2024-07-01 12:06:47   In FindIndex
2024-07-01 12:06:47   In FindIndex
2024-07-01 12:06:47   In Interpolate
2024-07-01 12:06:47   In Interpolate
2024-07-01 12:06:47   In Interpolate
2024-07-01 12:06:47   In Interpolate
2024-07-01 12:06:47   In Interpolate
2024-07-01 12:06:47   In Interpolate
2024-07-01 12:06:47   In FindIndex
2024-07-01 12:06:47   In FindIndex
2024-07-01 12:06:47   In Interpolate
2024-07-01 12:06:47   In Interpolate
2024-07-01 12:06:47   In Interpolate
2024-07-01 12:06:47   In Interpolate
2024-07-01 12:06:47   In Interpolate
2024-07-01 12:06:47   In Interpolate
2024-07-01 12:06:47   In FindIndex
2024-07-01 12:06:47   In FindIndex
2024-07-01 12:06:47   In Interpolate
2024-07-01 12:06:47   In Interpolate
2024-07-01 12:06:47   In Interpolate
2024-07-01 12:06:47   In Interpolate
2024-07-01 12:06:47   In Interpolate
2024-07-01 12:06:48   In Interpolate
2024-07-01 12:06:48   In FindIndex
2024-07-01 12:06:48   In FindIndex
2024-07-01 12:06:48   In Interpolate
2024-07-01 12:06:48   In Interpolate
2024-07-01 12:06:48   In Interpolate
2024-07-01 12:06:48   In Interpolate
2024-07-01 12:06:48   In Interpolate
2024-07-01 12:06:48   In Interpolate
2024-07-01 12:06:48   In FindIndex
2024-07-01 12:06:48   In FindIndex
2024-07-01 12:06:48   In Interpolate
2024-07-01 12:06:48   In Interpolate
2024-07-01 12:06:48   In Interpolate
2024-07-01 12:06:48   In Interpolate
2024-07-01 12:06:48   In Interpolate
2024-07-01 12:06:48   In Interpolate
2024-07-01 12:06:48   In FindIndex
2024-07-01 12:06:48   In FindIndex
2024-07-01 12:06:48   In Interpolate
2024-07-01 12:06:48   In Interpolate
2024-07-01 12:06:48   In Interpolate
2024-07-01 12:06:48   In Interpolate
2024-07-01 12:06:48   In Interpolate
2024-07-01 12:06:48   In Interpolate
2024-07-01 12:06:48   In FindIndex
2024-07-01 12:06:48   In FindIndex
2024-07-01 12:06:48   In Interpolate
2024-07-01 12:06:48   In Interpolate
2024-07-01 12:06:48   In Interpolate
2024-07-01 12:06:48   In Interpolate
2024-07-01 12:06:48   In Interpolate
2024-07-01 12:06:48   In Interpolate
2024-07-01 12:06:48   In FindIndex
2024-07-01 12:06:48   In FindIndex
2024-07-01 12:06:48   In Interpolate
2024-07-01 12:06:48   In Interpolate
2024-07-01 12:06:48   In Interpolate
2024-07-01 12:06:48   In Interpolate
2024-07-01 12:06:48   In Interpolate
2024-07-01 12:06:48   In Interpolate
2024-07-01 12:06:48   In FindIndex
2024-07-01 12:06:48   In FindIndex
2024-07-01 12:06:48   In Interpolate
2024-07-01 12:06:48   In Interpolate
2024-07-01 12:06:48   In Interpolate
2024-07-01 12:06:48   In Interpolate
2024-07-01 12:06:48   In Interpolate
2024-07-01 12:06:48   In Interpolate
2024-07-01 12:06:48   In FindIndex
2024-07-01 12:06:48   In FindIndex
2024-07-01 12:06:48   In Interpolate
2024-07-01 12:06:48   In Interpolate
2024-07-01 12:06:48   In Interpolate
2024-07-01 12:06:48   In Interpolate
2024-07-01 12:06:48   In Interpolate
2024-07-01 12:06:48   In Interpolate
2024-07-01 12:06:48   In FindIndex
2024-07-01 12:06:48   In FindIndex
2024-07-01 12:06:48   In Interpolate
2024-07-01 12:06:48   In Interpolate
2024-07-01 12:06:48   In Interpolate
2024-07-01 12:06:48   In Interpolate
2024-07-01 12:06:48   In Interpolate
2024-07-01 12:06:48   In Interpolate
2024-07-01 12:06:48   In FindIndex
2024-07-01 12:06:48   In FindIndex
2024-07-01 12:06:48   In Interpolate
2024-07-01 12:06:48   In Interpolate
2024-07-01 12:06:48   In Interpolate
2024-07-01 12:06:48   In Interpolate
2024-07-01 12:06:48   In Interpolate
2024-07-01 12:06:48   In Interpolate
2024-07-01 12:06:48   In FindIndex
2024-07-01 12:06:48   In FindIndex
2024-07-01 12:06:48   In Interpolate
2024-07-01 12:06:48   In Interpolate
2024-07-01 12:06:48   In Interpolate
2024-07-01 12:06:48   In Interpolate
2024-07-01 12:06:48   In Interpolate
2024-07-01 12:06:48   In Interpolate
2024-07-01 12:06:48   In FindIndex
2024-07-01 12:06:48   In FindIndex
2024-07-01 12:06:48   In Interpolate
2024-07-01 12:06:48   In Interpolate
2024-07-01 12:06:48   In Interpolate
2024-07-01 12:06:48   In Interpolate
2024-07-01 12:06:48   In Interpolate
2024-07-01 12:06:48   In Interpolate
2024-07-01 12:06:48   In FindIndex
2024-07-01 12:06:48   In FindIndex
2024-07-01 12:06:48   In Interpolate
2024-07-01 12:06:48   In Interpolate
2024-07-01 12:06:48   In Interpolate
2024-07-01 12:06:48   In Interpolate
2024-07-01 12:06:48   In Interpolate
2024-07-01 12:06:48   In Interpolate
2024-07-01 12:06:48   In FindIndex
2024-07-01 12:06:48   In FindIndex
2024-07-01 12:06:48   In Interpolate
2024-07-01 12:06:48   In Interpolate
2024-07-01 12:06:48   In Interpolate
2024-07-01 12:06:48   In Interpolate
2024-07-01 12:06:48   In Interpolate
2024-07-01 12:06:48   In Interpolate
2024-07-01 12:06:48   In FindIndex
2024-07-01 12:06:48   In FindIndex
2024-07-01 12:06:48   In Interpolate
2024-07-01 12:06:48   In Interpolate
2024-07-01 12:06:48   In Interpolate
2024-07-01 12:06:48   In Interpolate
2024-07-01 12:06:48   In Interpolate
2024-07-01 12:06:48   In Interpolate
2024-07-01 12:06:48   In FindIndex
2024-07-01 12:06:48   In FindIndex
2024-07-01 12:06:48   In Interpolate
2024-07-01 12:06:48   In Interpolate
2024-07-01 12:06:48   In Interpolate
2024-07-01 12:06:48   In Interpolate
2024-07-01 12:06:48   In Interpolate
2024-07-01 12:06:48   In Interpolate
2024-07-01 12:06:48   In FindIndex
2024-07-01 12:06:48   In FindIndex
2024-07-01 12:06:48   In Interpolate
2024-07-01 12:06:48   In Interpolate
2024-07-01 12:06:48   In Interpolate
2024-07-01 12:06:48   In Interpolate
2024-07-01 12:06:48   In Interpolate
2024-07-01 12:06:48   In Interpolate
2024-07-01 12:06:48   In FindIndex
2024-07-01 12:06:48   In FindIndex
2024-07-01 12:06:48   In Interpolate
2024-07-01 12:06:48   In Interpolate
2024-07-01 12:06:48   In Interpolate
2024-07-01 12:06:48   In Interpolate
2024-07-01 12:06:48   In Interpolate
2024-07-01 12:06:48   In Interpolate
2024-07-01 12:06:48   In FindIndex
2024-07-01 12:06:48   In FindIndex
2024-07-01 12:06:48   In Interpolate
2024-07-01 12:06:48   In Interpolate
2024-07-01 12:06:48   In Interpolate
2024-07-01 12:06:48   In Interpolate
2024-07-01 12:06:48   In Interpolate
2024-07-01 12:06:48   In Interpolate
2024-07-01 12:06:48   In FindIndex
2024-07-01 12:06:48   In FindIndex
2024-07-01 12:06:48   In Interpolate
2024-07-01 12:06:48   In Interpolate
2024-07-01 12:06:48   In Interpolate
2024-07-01 12:06:48   In Interpolate
2024-07-01 12:06:48   In Interpolate
2024-07-01 12:06:48   In Interpolate
2024-07-01 12:06:48   In FindIndex
2024-07-01 12:06:48   In FindIndex
2024-07-01 12:06:48   In Interpolate
2024-07-01 12:06:48   In Interpolate
2024-07-01 12:06:48   In Interpolate
2024-07-01 12:06:48   In Interpolate
2024-07-01 12:06:48   In Interpolate
2024-07-01 12:06:48   In Interpolate
2024-07-01 12:06:48   In FindIndex
2024-07-01 12:06:48   In FindIndex
2024-07-01 12:06:48   In Interpolate
2024-07-01 12:06:48   In Interpolate
2024-07-01 12:06:48   In Interpolate
2024-07-01 12:06:48   In Interpolate
2024-07-01 12:06:48   In Interpolate
2024-07-01 12:06:48   In Interpolate
2024-07-01 12:06:48   In FindIndex
2024-07-01 12:06:48   In FindIndex
2024-07-01 12:06:48   In Interpolate
2024-07-01 12:06:48   In Interpolate
2024-07-01 12:06:48   In Interpolate
2024-07-01 12:06:48   In Interpolate
2024-07-01 12:06:48   In Interpolate
2024-07-01 12:06:48   In Interpolate
2024-07-01 12:06:48   In FindIndex
2024-07-01 12:06:48   In FindIndex
2024-07-01 12:06:48   In Interpolate
2024-07-01 12:06:48   In Interpolate
2024-07-01 12:06:48   In Interpolate
2024-07-01 12:06:48   In Interpolate
2024-07-01 12:06:48   In Interpolate
2024-07-01 12:06:48   In Interpolate
2024-07-01 12:06:48   In FindIndex
2024-07-01 12:06:48   In FindIndex
2024-07-01 12:06:48   In Interpolate
2024-07-01 12:06:48   In Interpolate
2024-07-01 12:06:48   In Interpolate
2024-07-01 12:06:48   In Interpolate
2024-07-01 12:06:48   In Interpolate
2024-07-01 12:06:48   In Interpolate
2024-07-01 12:06:48   In FindIndex
2024-07-01 12:06:48   In FindIndex
2024-07-01 12:06:48   In Interpolate
2024-07-01 12:06:48   In Interpolate
2024-07-01 12:06:48   In Interpolate
2024-07-01 12:06:48   In Interpolate
2024-07-01 12:06:48   In Interpolate
2024-07-01 12:06:48   In Interpolate
2024-07-01 12:06:48   In FindIndex
2024-07-01 12:06:48   In FindIndex
2024-07-01 12:06:48   In Interpolate
2024-07-01 12:06:48   In Interpolate
2024-07-01 12:06:48   In Interpolate
2024-07-01 12:06:48   In Interpolate
2024-07-01 12:06:48   In Interpolate
2024-07-01 12:06:48   In Interpolate
2024-07-01 12:06:48   In FindIndex
2024-07-01 12:06:48   In FindIndex
2024-07-01 12:06:48   In Interpolate
2024-07-01 12:06:48   In Interpolate
2024-07-01 12:06:48   In Interpolate
2024-07-01 12:06:48   In Interpolate
2024-07-01 12:06:48   In Interpolate
2024-07-01 12:06:48   In Interpolate
2024-07-01 12:06:48   In FindIndex
2024-07-01 12:06:48   In FindIndex
2024-07-01 12:06:48   In Interpolate
2024-07-01 12:06:48   In Interpolate
2024-07-01 12:06:48   In Interpolate
2024-07-01 12:06:48   In Interpolate
2024-07-01 12:06:48   In Interpolate
2024-07-01 12:06:48   In Interpolate
2024-07-01 12:06:48   In FindIndex
2024-07-01 12:06:48   In FindIndex
2024-07-01 12:06:48   In Interpolate
2024-07-01 12:06:48   In Interpolate
2024-07-01 12:06:48   In Interpolate
2024-07-01 12:06:48   In Interpolate
2024-07-01 12:06:48   In Interpolate
2024-07-01 12:06:48   In Interpolate
2024-07-01 12:06:48   In FindIndex
2024-07-01 12:06:48   In FindIndex
2024-07-01 12:06:48   In Interpolate
2024-07-01 12:06:48   In Interpolate
2024-07-01 12:06:48   In Interpolate
2024-07-01 12:06:48   In Interpolate
2024-07-01 12:06:48   In Interpolate
2024-07-01 12:06:48   In Interpolate
2024-07-01 12:06:48   In FindIndex
2024-07-01 12:06:48   In FindIndex
2024-07-01 12:06:48   In Interpolate
2024-07-01 12:06:48   In Interpolate
2024-07-01 12:06:48   In Interpolate
2024-07-01 12:06:48   In Interpolate
2024-07-01 12:06:48   In Interpolate
2024-07-01 12:06:48   In Interpolate
2024-07-01 12:06:48   In FindIndex
2024-07-01 12:06:48   In FindIndex
2024-07-01 12:06:48   In Interpolate
2024-07-01 12:06:48   In Interpolate
2024-07-01 12:06:48   In Interpolate
2024-07-01 12:06:48   In Interpolate
2024-07-01 12:06:48   In Interpolate
2024-07-01 12:06:48   In Interpolate
2024-07-01 12:06:48   In FindIndex
2024-07-01 12:06:48   In FindIndex
2024-07-01 12:06:48   In Interpolate
2024-07-01 12:06:48   In Interpolate
2024-07-01 12:06:48   In Interpolate
2024-07-01 12:06:48   In Interpolate
2024-07-01 12:06:48   In Interpolate
2024-07-01 12:06:48   In Interpolate
2024-07-01 12:06:48   In FindIndex
2024-07-01 12:06:48   In FindIndex
2024-07-01 12:06:48   In Interpolate
2024-07-01 12:06:48   In Interpolate
2024-07-01 12:06:48   In Interpolate
2024-07-01 12:06:48   In Interpolate
2024-07-01 12:06:48   In Interpolate
2024-07-01 12:06:48   In Interpolate
2024-07-01 12:06:48   In FindIndex
2024-07-01 12:06:48   In FindIndex
2024-07-01 12:06:48   In Interpolate
2024-07-01 12:06:48   In Interpolate
2024-07-01 12:06:48   In Interpolate
2024-07-01 12:06:48   In Interpolate
2024-07-01 12:06:48   In Interpolate
2024-07-01 12:06:48   In Interpolate
2024-07-01 12:06:48   In FindIndex
2024-07-01 12:06:48   In FindIndex
2024-07-01 12:06:48   In Interpolate
2024-07-01 12:06:48   In Interpolate
2024-07-01 12:06:48   In Interpolate
2024-07-01 12:06:48   In Interpolate
2024-07-01 12:06:48   In Interpolate
2024-07-01 12:06:48   In Interpolate
2024-07-01 12:06:48   In FindIndex
2024-07-01 12:06:48   In FindIndex
2024-07-01 12:06:48   In Interpolate
2024-07-01 12:06:48   In Interpolate
2024-07-01 12:06:48   In Interpolate
2024-07-01 12:06:48   In Interpolate
2024-07-01 12:06:48   In Interpolate
2024-07-01 12:06:48   In Interpolate
2024-07-01 12:06:48   In FindIndex
2024-07-01 12:06:48   In FindIndex
2024-07-01 12:06:48   In Interpolate
2024-07-01 12:06:48   In Interpolate
2024-07-01 12:06:48   In Interpolate
2024-07-01 12:06:48   In Interpolate
2024-07-01 12:06:48   In Interpolate
2024-07-01 12:06:48   In Interpolate
2024-07-01 12:06:48   In FindIndex
2024-07-01 12:06:48   In FindIndex
2024-07-01 12:06:48   In Interpolate
2024-07-01 12:06:48   In Interpolate
2024-07-01 12:06:48   In Interpolate
2024-07-01 12:06:48   In Interpolate
2024-07-01 12:06:48   In Interpolate
2024-07-01 12:06:48   In Interpolate
2024-07-01 12:06:48   In FindIndex
2024-07-01 12:06:48   In FindIndex
2024-07-01 12:06:48   In Interpolate
2024-07-01 12:06:48   In Interpolate
2024-07-01 12:06:48   In Interpolate
2024-07-01 12:06:48   In Interpolate
2024-07-01 12:06:48   In Interpolate
2024-07-01 12:06:48   In Interpolate
2024-07-01 12:06:48   In FindIndex
2024-07-01 12:06:48   In FindIndex
2024-07-01 12:06:48   In Interpolate
2024-07-01 12:06:48   In Interpolate
2024-07-01 12:06:48   In Interpolate
2024-07-01 12:06:48   In Interpolate
2024-07-01 12:06:48   In Interpolate
2024-07-01 12:06:48   In Interpolate
2024-07-01 12:06:48   In FindIndex
2024-07-01 12:06:48   In FindIndex
2024-07-01 12:06:48   In Interpolate
2024-07-01 12:06:48   In Interpolate
2024-07-01 12:06:48   In Interpolate
2024-07-01 12:06:48   In Interpolate
2024-07-01 12:06:48   In Interpolate
2024-07-01 12:06:48   In Interpolate
2024-07-01 12:06:48   In FindIndex
2024-07-01 12:06:48   In FindIndex
2024-07-01 12:06:48   In Interpolate
2024-07-01 12:06:48   In Interpolate
2024-07-01 12:06:48   In Interpolate
2024-07-01 12:06:48   In Interpolate
2024-07-01 12:06:48   In Interpolate
2024-07-01 12:06:48   In Interpolate
2024-07-01 12:06:48   In FindIndex
2024-07-01 12:06:48   In FindIndex
2024-07-01 12:06:48   In Interpolate
2024-07-01 12:06:48   In Interpolate
2024-07-01 12:06:48   In Interpolate
2024-07-01 12:06:48   In Interpolate
2024-07-01 12:06:48   In Interpolate
2024-07-01 12:06:48   In Interpolate
2024-07-01 12:06:48   In FindIndex
2024-07-01 12:06:48   In FindIndex
2024-07-01 12:06:48   In Interpolate
2024-07-01 12:06:48   In Interpolate
2024-07-01 12:06:48   In Interpolate
2024-07-01 12:06:48   In Interpolate
2024-07-01 12:06:48   In Interpolate
2024-07-01 12:06:48   In Interpolate
2024-07-01 12:06:48   In FindIndex
2024-07-01 12:06:48   In FindIndex
2024-07-01 12:06:48   In Interpolate
2024-07-01 12:06:48   In Interpolate
2024-07-01 12:06:48   In Interpolate
2024-07-01 12:06:48   In Interpolate
2024-07-01 12:06:48   In Interpolate
2024-07-01 12:06:48   In Interpolate
2024-07-01 12:06:48   In FindIndex
2024-07-01 12:06:48   In FindIndex
2024-07-01 12:06:48   In Interpolate
2024-07-01 12:06:48   In Interpolate
2024-07-01 12:06:48   In Interpolate
2024-07-01 12:06:48   In Interpolate
2024-07-01 12:06:48   In Interpolate
2024-07-01 12:06:48   In Interpolate
2024-07-01 12:06:48   In FindIndex
2024-07-01 12:06:48   In FindIndex
2024-07-01 12:06:48   In Interpolate
2024-07-01 12:06:48   In Interpolate
2024-07-01 12:06:48   In Interpolate
2024-07-01 12:06:48   In Interpolate
2024-07-01 12:06:48   In Interpolate
2024-07-01 12:06:48   In Interpolate
2024-07-01 12:06:48   In FindIndex
2024-07-01 12:06:48   In FindIndex
2024-07-01 12:06:48   In Interpolate
2024-07-01 12:06:48   In Interpolate
2024-07-01 12:06:48   In Interpolate
2024-07-01 12:06:48   In Interpolate
2024-07-01 12:06:48   In Interpolate
2024-07-01 12:06:48   In Interpolate
2024-07-01 12:06:48   In FindIndex
2024-07-01 12:06:48   In FindIndex
2024-07-01 12:06:48   In Interpolate
2024-07-01 12:06:48   In Interpolate
2024-07-01 12:06:48   In Interpolate
2024-07-01 12:06:48   In Interpolate
2024-07-01 12:06:48   In Interpolate
2024-07-01 12:06:48   In Interpolate
2024-07-01 12:06:48   In FindIndex
2024-07-01 12:06:48   In FindIndex
2024-07-01 12:06:48   In Interpolate
2024-07-01 12:06:48   In Interpolate
2024-07-01 12:06:48   In Interpolate
2024-07-01 12:06:48   In Interpolate
2024-07-01 12:06:48   In Interpolate
2024-07-01 12:06:48   In Interpolate
2024-07-01 12:06:48   In FindIndex
2024-07-01 12:06:48   In FindIndex
2024-07-01 12:06:48   In Interpolate
2024-07-01 12:06:48   In Interpolate
2024-07-01 12:06:48   In Interpolate
2024-07-01 12:06:48   In Interpolate
2024-07-01 12:06:48   In Interpolate
2024-07-01 12:06:48   In Interpolate
2024-07-01 12:06:48   In FindIndex
2024-07-01 12:06:48   In FindIndex
2024-07-01 12:06:48   In Interpolate
2024-07-01 12:06:48   In Interpolate
2024-07-01 12:06:48   In Interpolate
2024-07-01 12:06:48   In Interpolate
2024-07-01 12:06:48   In Interpolate
2024-07-01 12:06:48   In Interpolate
2024-07-01 12:06:48   In FindIndex
2024-07-01 12:06:48   In FindIndex
2024-07-01 12:06:48   In Interpolate
2024-07-01 12:06:48   In Interpolate
2024-07-01 12:06:48   In Interpolate
2024-07-01 12:06:48   In Interpolate
2024-07-01 12:06:48   In Interpolate
2024-07-01 12:06:48   In Interpolate
2024-07-01 12:06:48   In FindIndex
2024-07-01 12:06:48   In FindIndex
2024-07-01 12:06:48   In Interpolate
2024-07-01 12:06:48   In Interpolate
2024-07-01 12:06:48   In Interpolate
2024-07-01 12:06:48   In Interpolate
2024-07-01 12:06:48   In Interpolate
2024-07-01 12:06:48   In Interpolate
2024-07-01 12:06:48   In FindIndex
2024-07-01 12:06:48   In FindIndex
2024-07-01 12:06:48   In Interpolate
2024-07-01 12:06:48   In Interpolate
2024-07-01 12:06:48   In Interpolate
2024-07-01 12:06:48   In Interpolate
2024-07-01 12:06:48   In Interpolate
2024-07-01 12:06:48   In Interpolate
2024-07-01 12:06:48   In FindIndex
2024-07-01 12:06:48   In FindIndex
2024-07-01 12:06:48   In Interpolate
2024-07-01 12:06:48   In Interpolate
2024-07-01 12:06:49   In Interpolate
2024-07-01 12:06:49   In Interpolate
2024-07-01 12:06:49   In Interpolate
2024-07-01 12:06:49   In Interpolate
2024-07-01 12:06:49   In FindIndex
2024-07-01 12:06:49   In FindIndex
2024-07-01 12:06:49   In Interpolate
2024-07-01 12:06:49   In Interpolate
2024-07-01 12:06:49   In Interpolate
2024-07-01 12:06:49   In Interpolate
2024-07-01 12:06:49   In Interpolate
2024-07-01 12:06:49   In Interpolate
2024-07-01 12:06:49   In FindIndex
2024-07-01 12:06:49   In FindIndex
2024-07-01 12:06:49   In Interpolate
2024-07-01 12:06:49   In Interpolate
2024-07-01 12:06:49   In Interpolate
2024-07-01 12:06:49   In Interpolate
2024-07-01 12:06:49   In Interpolate
2024-07-01 12:06:49   In Interpolate
2024-07-01 12:06:49   In FindIndex
2024-07-01 12:06:49   In FindIndex
2024-07-01 12:06:49   In Interpolate
2024-07-01 12:06:49   In Interpolate
2024-07-01 12:06:49   In Interpolate
2024-07-01 12:06:49   In Interpolate
2024-07-01 12:06:49   In Interpolate
2024-07-01 12:06:49   In Interpolate
2024-07-01 12:06:49   In FindIndex
2024-07-01 12:06:49   In FindIndex
2024-07-01 12:06:49   In Interpolate
2024-07-01 12:06:49   In Interpolate
2024-07-01 12:06:49   In Interpolate
2024-07-01 12:06:49   In Interpolate
2024-07-01 12:06:49   In Interpolate
2024-07-01 12:06:49   In Interpolate
2024-07-01 12:06:49   In FindIndex
2024-07-01 12:06:49   In FindIndex
2024-07-01 12:06:49   In Interpolate
2024-07-01 12:06:49   In Interpolate
2024-07-01 12:06:49   In Interpolate
2024-07-01 12:06:49   In Interpolate
2024-07-01 12:06:49   In Interpolate
2024-07-01 12:06:49   In Interpolate
2024-07-01 12:06:49   In FindIndex
2024-07-01 12:06:49   In FindIndex
2024-07-01 12:06:49   In Interpolate
2024-07-01 12:06:49   In Interpolate
2024-07-01 12:06:49   In Interpolate
2024-07-01 12:06:49   In Interpolate
2024-07-01 12:06:49   In Interpolate
2024-07-01 12:06:49   In Interpolate
2024-07-01 12:06:49   In FindIndex
2024-07-01 12:06:49   In FindIndex
2024-07-01 12:06:49   In Interpolate
2024-07-01 12:06:49   In Interpolate
2024-07-01 12:06:49   In Interpolate
2024-07-01 12:06:49   In Interpolate
2024-07-01 12:06:49   In Interpolate
2024-07-01 12:06:49   In Interpolate
2024-07-01 12:06:49   In FindIndex
2024-07-01 12:06:49   In FindIndex
2024-07-01 12:06:49   In Interpolate
2024-07-01 12:06:49   In Interpolate
2024-07-01 12:06:49   In Interpolate
2024-07-01 12:06:49   In Interpolate
2024-07-01 12:06:49   In Interpolate
2024-07-01 12:06:49   In Interpolate
2024-07-01 12:06:49   In FindIndex
2024-07-01 12:06:49   In FindIndex
2024-07-01 12:06:49   In Interpolate
2024-07-01 12:06:49   In Interpolate
2024-07-01 12:06:49   In Interpolate
2024-07-01 12:06:49   In Interpolate
2024-07-01 12:06:49   In Interpolate
2024-07-01 12:06:49   In Interpolate
2024-07-01 12:06:49   In FindIndex
2024-07-01 12:06:49   In FindIndex
2024-07-01 12:06:49   In Interpolate
2024-07-01 12:06:49   In Interpolate
2024-07-01 12:06:49   In Interpolate
2024-07-01 12:06:49   In Interpolate
2024-07-01 12:06:49   In Interpolate
2024-07-01 12:06:49   In Interpolate
2024-07-01 12:06:49   In FindIndex
2024-07-01 12:06:49   In FindIndex
2024-07-01 12:06:49   In Interpolate
2024-07-01 12:06:49   In Interpolate
2024-07-01 12:06:49   In Interpolate
2024-07-01 12:06:49   In Interpolate
2024-07-01 12:06:49   In Interpolate
2024-07-01 12:06:49   In Interpolate
2024-07-01 12:06:49   In FindIndex
2024-07-01 12:06:49   In FindIndex
2024-07-01 12:06:49   In Interpolate
2024-07-01 12:06:49   In Interpolate
2024-07-01 12:06:49   In Interpolate
2024-07-01 12:06:49   In Interpolate
2024-07-01 12:06:49   In Interpolate
2024-07-01 12:06:49   In Interpolate
2024-07-01 12:06:49   In FindIndex
2024-07-01 12:06:49   In FindIndex
2024-07-01 12:06:49   In Interpolate
2024-07-01 12:06:49   In Interpolate
2024-07-01 12:06:49   In Interpolate
2024-07-01 12:06:49   In Interpolate
2024-07-01 12:06:49   In Interpolate
2024-07-01 12:06:49   In Interpolate
2024-07-01 12:06:49   In FindIndex
2024-07-01 12:06:49   In FindIndex
2024-07-01 12:06:49   In Interpolate
2024-07-01 12:06:49   In Interpolate
2024-07-01 12:06:49   In Interpolate
2024-07-01 12:06:49   In Interpolate
2024-07-01 12:06:49   In Interpolate
2024-07-01 12:06:49   In Interpolate
2024-07-01 12:06:49   In FindIndex
2024-07-01 12:06:49   In FindIndex
2024-07-01 12:06:49   In Interpolate
2024-07-01 12:06:49   In Interpolate
2024-07-01 12:06:49   In Interpolate
2024-07-01 12:06:49   In Interpolate
2024-07-01 12:06:49   In Interpolate
2024-07-01 12:06:49   In Interpolate
2024-07-01 12:06:49   In FindIndex
2024-07-01 12:06:49   In FindIndex
2024-07-01 12:06:49   In Interpolate
2024-07-01 12:06:49   In Interpolate
2024-07-01 12:06:49   In Interpolate
2024-07-01 12:06:49   In Interpolate
2024-07-01 12:06:49   In Interpolate
2024-07-01 12:06:49   In Interpolate
2024-07-01 12:06:49   In FindIndex
2024-07-01 12:06:49   In FindIndex
2024-07-01 12:06:49   In Interpolate
2024-07-01 12:06:49   In Interpolate
2024-07-01 12:06:49   In Interpolate
2024-07-01 12:06:49   In Interpolate
2024-07-01 12:06:49   In Interpolate
2024-07-01 12:06:49   In Interpolate
2024-07-01 12:06:49   In FindIndex
2024-07-01 12:06:49   In FindIndex
2024-07-01 12:06:49   In Interpolate
2024-07-01 12:06:49   In Interpolate
2024-07-01 12:06:49   In Interpolate
2024-07-01 12:06:49   In Interpolate
2024-07-01 12:06:49   In Interpolate
2024-07-01 12:06:49   In Interpolate
2024-07-01 12:06:49   In FindIndex
2024-07-01 12:06:49   In FindIndex
2024-07-01 12:06:49   In Interpolate
2024-07-01 12:06:49   In Interpolate
2024-07-01 12:06:49   In Interpolate
2024-07-01 12:06:49   In Interpolate
2024-07-01 12:06:49   In Interpolate
2024-07-01 12:06:49   In Interpolate
2024-07-01 12:06:49   In FindIndex
2024-07-01 12:06:49   In FindIndex
2024-07-01 12:06:49   In Interpolate
2024-07-01 12:06:49   In Interpolate
2024-07-01 12:06:49   In Interpolate
2024-07-01 12:06:49   In Interpolate
2024-07-01 12:06:49   In Interpolate
2024-07-01 12:06:49   In Interpolate
2024-07-01 12:06:49   In FindIndex
2024-07-01 12:06:49   In FindIndex
2024-07-01 12:06:49   In Interpolate
2024-07-01 12:06:49   In Interpolate
2024-07-01 12:06:49   In Interpolate
2024-07-01 12:06:49   In Interpolate
2024-07-01 12:06:49   In Interpolate
2024-07-01 12:06:49   In Interpolate
2024-07-01 12:06:49   In FindIndex
2024-07-01 12:06:49   In FindIndex
2024-07-01 12:06:49   In Interpolate
2024-07-01 12:06:49   In Interpolate
2024-07-01 12:06:49   In Interpolate
2024-07-01 12:06:49   In Interpolate
2024-07-01 12:06:49   In Interpolate
2024-07-01 12:06:49   In Interpolate
2024-07-01 12:06:49   In FindIndex
2024-07-01 12:06:49   In FindIndex
2024-07-01 12:06:49   In Interpolate
2024-07-01 12:06:49   In Interpolate
2024-07-01 12:06:49   In Interpolate
2024-07-01 12:06:49   In Interpolate
2024-07-01 12:06:49   In Interpolate
2024-07-01 12:06:49   In Interpolate
2024-07-01 12:06:49   In FindIndex
2024-07-01 12:06:49   In FindIndex
2024-07-01 12:06:49   In Interpolate
2024-07-01 12:06:49   In Interpolate
2024-07-01 12:06:49   In Interpolate
2024-07-01 12:06:49   In Interpolate
2024-07-01 12:06:49   In Interpolate
2024-07-01 12:06:49   In Interpolate
2024-07-01 12:06:49   In FindIndex
2024-07-01 12:06:49   In FindIndex
2024-07-01 12:06:49   In Interpolate
2024-07-01 12:06:49   In Interpolate
2024-07-01 12:06:49   In Interpolate
2024-07-01 12:06:49   In Interpolate
2024-07-01 12:06:49   In Interpolate
2024-07-01 12:06:49   In Interpolate
2024-07-01 12:06:49   In FindIndex
2024-07-01 12:06:49   In FindIndex
2024-07-01 12:06:49   In Interpolate
2024-07-01 12:06:49   In Interpolate
2024-07-01 12:06:49   In Interpolate
2024-07-01 12:06:49   In Interpolate
2024-07-01 12:06:49   In Interpolate
2024-07-01 12:06:49   In Interpolate
2024-07-01 12:06:49   In FindIndex
2024-07-01 12:06:49   In FindIndex
2024-07-01 12:06:49   In Interpolate
2024-07-01 12:06:49   In Interpolate
2024-07-01 12:06:49   In Interpolate
2024-07-01 12:06:49   In Interpolate
2024-07-01 12:06:49   In Interpolate
2024-07-01 12:06:49   In Interpolate
2024-07-01 12:06:49   In FindIndex
2024-07-01 12:06:49   In FindIndex
2024-07-01 12:06:49   In Interpolate
2024-07-01 12:06:49   In Interpolate
2024-07-01 12:06:49   In Interpolate
2024-07-01 12:06:49   In Interpolate
2024-07-01 12:06:49   In Interpolate
2024-07-01 12:06:49   In Interpolate
2024-07-01 12:06:49   In FindIndex
2024-07-01 12:06:49   In FindIndex
2024-07-01 12:06:49   In Interpolate
2024-07-01 12:06:49   In Interpolate
2024-07-01 12:06:49   In Interpolate
2024-07-01 12:06:49   In Interpolate
2024-07-01 12:06:49   In Interpolate
2024-07-01 12:06:49   In Interpolate
2024-07-01 12:06:49   In FindIndex
2024-07-01 12:06:49   In FindIndex
2024-07-01 12:06:49   In Interpolate
2024-07-01 12:06:49   In Interpolate
2024-07-01 12:06:49   In Interpolate
2024-07-01 12:06:49   In Interpolate
2024-07-01 12:06:49   In Interpolate
2024-07-01 12:06:49   In Interpolate
2024-07-01 12:06:49   In FindIndex
2024-07-01 12:06:49   In FindIndex
2024-07-01 12:06:49   In Interpolate
2024-07-01 12:06:49   In Interpolate
2024-07-01 12:06:49   In Interpolate
2024-07-01 12:06:49   In Interpolate
2024-07-01 12:06:49   In Interpolate
2024-07-01 12:06:49   In Interpolate
2024-07-01 12:06:49   In FindIndex
2024-07-01 12:06:49   In FindIndex
2024-07-01 12:06:49   In Interpolate
2024-07-01 12:06:49   In Interpolate
2024-07-01 12:06:49   In Interpolate
2024-07-01 12:06:49   In Interpolate
2024-07-01 12:06:49   In Interpolate
2024-07-01 12:06:49   In Interpolate
2024-07-01 12:06:49   In FindIndex
2024-07-01 12:06:49   In FindIndex
2024-07-01 12:06:49   In Interpolate
2024-07-01 12:06:49   In Interpolate
2024-07-01 12:06:49   In Interpolate
2024-07-01 12:06:49   In Interpolate
2024-07-01 12:06:49   In Interpolate
2024-07-01 12:06:49   In Interpolate
2024-07-01 12:06:49   In FindIndex
2024-07-01 12:06:49   In FindIndex
2024-07-01 12:06:49   In Interpolate
2024-07-01 12:06:49   In Interpolate
2024-07-01 12:06:49   In Interpolate
2024-07-01 12:06:49   In Interpolate
2024-07-01 12:06:49   In Interpolate
2024-07-01 12:06:49   In Interpolate
2024-07-01 12:06:49   In FindIndex
2024-07-01 12:06:49   In FindIndex
2024-07-01 12:06:49   In Interpolate
2024-07-01 12:06:49   In Interpolate
2024-07-01 12:06:49   In Interpolate
2024-07-01 12:06:49   In Interpolate
2024-07-01 12:06:49   In Interpolate
2024-07-01 12:06:49   In Interpolate
2024-07-01 12:06:49   In FindIndex
2024-07-01 12:06:49   In FindIndex
2024-07-01 12:06:49   In Interpolate
2024-07-01 12:06:49   In Interpolate
2024-07-01 12:06:49   In Interpolate
2024-07-01 12:06:49   In Interpolate
2024-07-01 12:06:49   In Interpolate
2024-07-01 12:06:49   In Interpolate
2024-07-01 12:06:49   In FindIndex
2024-07-01 12:06:49   In FindIndex
2024-07-01 12:06:49   In Interpolate
2024-07-01 12:06:49   In Interpolate
2024-07-01 12:06:49   In Interpolate
2024-07-01 12:06:49   In Interpolate
2024-07-01 12:06:49   In Interpolate
2024-07-01 12:06:49   In Interpolate
2024-07-01 12:06:49   In FindIndex
2024-07-01 12:06:49   In FindIndex
2024-07-01 12:06:49   In Interpolate
2024-07-01 12:06:49   In Interpolate
2024-07-01 12:06:49   In Interpolate
2024-07-01 12:06:49   In Interpolate
2024-07-01 12:06:49   In Interpolate
2024-07-01 12:06:49   In Interpolate
2024-07-01 12:06:49   In FindIndex
2024-07-01 12:06:49   In FindIndex
2024-07-01 12:06:49   In Interpolate
2024-07-01 12:06:49   In Interpolate
2024-07-01 12:06:49   In Interpolate
2024-07-01 12:06:49   In Interpolate
2024-07-01 12:06:49   In Interpolate
2024-07-01 12:06:49   In Interpolate
2024-07-01 12:06:49   In FindIndex
2024-07-01 12:06:49   In FindIndex
2024-07-01 12:06:49   In Interpolate
2024-07-01 12:06:49   In Interpolate
2024-07-01 12:06:49   In Interpolate
2024-07-01 12:06:49   In Interpolate
2024-07-01 12:06:49   In Interpolate
2024-07-01 12:06:49   In Interpolate
2024-07-01 12:06:49   In FindIndex
2024-07-01 12:06:49   In FindIndex
2024-07-01 12:06:49   In Interpolate
2024-07-01 12:06:49   In Interpolate
2024-07-01 12:06:49   In Interpolate
2024-07-01 12:06:49   In Interpolate
2024-07-01 12:06:49   In Interpolate
2024-07-01 12:06:49   In Interpolate
2024-07-01 12:06:49   In FindIndex
2024-07-01 12:06:49   In FindIndex
2024-07-01 12:06:49   In Interpolate
2024-07-01 12:06:49   In Interpolate
2024-07-01 12:06:49   In Interpolate
2024-07-01 12:06:49   In Interpolate
2024-07-01 12:06:49   In Interpolate
2024-07-01 12:06:49   In Interpolate
2024-07-01 12:06:49   In FindIndex
2024-07-01 12:06:49   In FindIndex
2024-07-01 12:06:49   In Interpolate
2024-07-01 12:06:49   In Interpolate
2024-07-01 12:06:49   In Interpolate
2024-07-01 12:06:49   In Interpolate
2024-07-01 12:06:49   In Interpolate
2024-07-01 12:06:49   In Interpolate
2024-07-01 12:06:49   In FindIndex
2024-07-01 12:06:49   In FindIndex
2024-07-01 12:06:49   In Interpolate
2024-07-01 12:06:49   In Interpolate
2024-07-01 12:06:49   In Interpolate
2024-07-01 12:06:49   In Interpolate
2024-07-01 12:06:49   In Interpolate
2024-07-01 12:06:49   In Interpolate
2024-07-01 12:06:49   In FindIndex
2024-07-01 12:06:49   In FindIndex
2024-07-01 12:06:49   In Interpolate
2024-07-01 12:06:49   In Interpolate
2024-07-01 12:06:49   In Interpolate
2024-07-01 12:06:49   In Interpolate
2024-07-01 12:06:49   In Interpolate
2024-07-01 12:06:49   In Interpolate
2024-07-01 12:06:49   In FindIndex
2024-07-01 12:06:49   In FindIndex
2024-07-01 12:06:49   In Interpolate
2024-07-01 12:06:49   In Interpolate
2024-07-01 12:06:49   In Interpolate
2024-07-01 12:06:49   In Interpolate
2024-07-01 12:06:49   In Interpolate
2024-07-01 12:06:49   In Interpolate
2024-07-01 12:06:49   In FindIndex
2024-07-01 12:06:49   In FindIndex
2024-07-01 12:06:49   In Interpolate
2024-07-01 12:06:49   In Interpolate
2024-07-01 12:06:49   In Interpolate
2024-07-01 12:06:49   In Interpolate
2024-07-01 12:06:49   In Interpolate
2024-07-01 12:06:49   In Interpolate
2024-07-01 12:06:49   In FindIndex
2024-07-01 12:06:49   In FindIndex
2024-07-01 12:06:49   In Interpolate
2024-07-01 12:06:49   In Interpolate
2024-07-01 12:06:49   In Interpolate
2024-07-01 12:06:49   In Interpolate
2024-07-01 12:06:49   In Interpolate
2024-07-01 12:06:49   In Interpolate
2024-07-01 12:06:49   In FindIndex
2024-07-01 12:06:49   In FindIndex
2024-07-01 12:06:49   In Interpolate
2024-07-01 12:06:49   In Interpolate
2024-07-01 12:06:49   In Interpolate
2024-07-01 12:06:49   In Interpolate
2024-07-01 12:06:49   In Interpolate
2024-07-01 12:06:49   In Interpolate
2024-07-01 12:06:49   In FindIndex
2024-07-01 12:06:49   In FindIndex
2024-07-01 12:06:49   In Interpolate
2024-07-01 12:06:49   In Interpolate
2024-07-01 12:06:49   In Interpolate
2024-07-01 12:06:49   In Interpolate
2024-07-01 12:06:49   In Interpolate
2024-07-01 12:06:49   In Interpolate
2024-07-01 12:06:49   In FindIndex
2024-07-01 12:06:49   In FindIndex
2024-07-01 12:06:49   In Interpolate
2024-07-01 12:06:49   In Interpolate
2024-07-01 12:06:49   In Interpolate
2024-07-01 12:06:49   In Interpolate
2024-07-01 12:06:49   In Interpolate
2024-07-01 12:06:49   In Interpolate
2024-07-01 12:06:49   In FindIndex
2024-07-01 12:06:49   In FindIndex
2024-07-01 12:06:49   In Interpolate
2024-07-01 12:06:49   In Interpolate
2024-07-01 12:06:49   In Interpolate
2024-07-01 12:06:49   In Interpolate
2024-07-01 12:06:49   In Interpolate
2024-07-01 12:06:49   In Interpolate
2024-07-01 12:06:49   In FindIndex
2024-07-01 12:06:49   In FindIndex
2024-07-01 12:06:49   In Interpolate
2024-07-01 12:06:49   In Interpolate
2024-07-01 12:06:49   In Interpolate
2024-07-01 12:06:49   In Interpolate
2024-07-01 12:06:49   In Interpolate
2024-07-01 12:06:49   In Interpolate
2024-07-01 12:06:49   In FindIndex
2024-07-01 12:06:49   In FindIndex
2024-07-01 12:06:49   In Interpolate
2024-07-01 12:06:49   In Interpolate
2024-07-01 12:06:49   In Interpolate
2024-07-01 12:06:49   In Interpolate
2024-07-01 12:06:49   In Interpolate
2024-07-01 12:06:49   In Interpolate
2024-07-01 12:06:49   In FindIndex
2024-07-01 12:06:49   In FindIndex
2024-07-01 12:06:49   In Interpolate
2024-07-01 12:06:49   In Interpolate
2024-07-01 12:06:49   In Interpolate
2024-07-01 12:06:49   In Interpolate
2024-07-01 12:06:49   In Interpolate
2024-07-01 12:06:49   In Interpolate
2024-07-01 12:06:49   In FindIndex
2024-07-01 12:06:49   In FindIndex
2024-07-01 12:06:49   In Interpolate
2024-07-01 12:06:49   In Interpolate
2024-07-01 12:06:49   In Interpolate
2024-07-01 12:06:49   In Interpolate
2024-07-01 12:06:49   In Interpolate
2024-07-01 12:06:50   In Interpolate
2024-07-01 12:06:50   In FindIndex
2024-07-01 12:06:50   In FindIndex
2024-07-01 12:06:50   In Interpolate
2024-07-01 12:06:50   In Interpolate
2024-07-01 12:06:50   In Interpolate
2024-07-01 12:06:50   In Interpolate
2024-07-01 12:06:50   In Interpolate
2024-07-01 12:06:50   In Interpolate
2024-07-01 12:06:50   In FindIndex
2024-07-01 12:06:50   In FindIndex
2024-07-01 12:06:50   In Interpolate
2024-07-01 12:06:50   In Interpolate
2024-07-01 12:06:50   In Interpolate
2024-07-01 12:06:50   In Interpolate
2024-07-01 12:06:50   In Interpolate
2024-07-01 12:06:50   In Interpolate
2024-07-01 12:06:50   In FindIndex
2024-07-01 12:06:50   In FindIndex
2024-07-01 12:06:50   In Interpolate
2024-07-01 12:06:50   In Interpolate
2024-07-01 12:06:50   In Interpolate
2024-07-01 12:06:50   In Interpolate
2024-07-01 12:06:50   In Interpolate
2024-07-01 12:06:50   In Interpolate
2024-07-01 12:06:50   In FindIndex
2024-07-01 12:06:50   In FindIndex
2024-07-01 12:06:50   In Interpolate
2024-07-01 12:06:50   In Interpolate
2024-07-01 12:06:50   In Interpolate
2024-07-01 12:06:50   In Interpolate
2024-07-01 12:06:50   In Interpolate
2024-07-01 12:06:50   In Interpolate
2024-07-01 12:06:50   In FindIndex
2024-07-01 12:06:50   In FindIndex
2024-07-01 12:06:50   In Interpolate
2024-07-01 12:06:50   In Interpolate
2024-07-01 12:06:50   In Interpolate
2024-07-01 12:06:50   In Interpolate
2024-07-01 12:06:50   In Interpolate
2024-07-01 12:06:50   In Interpolate
2024-07-01 12:06:50   In FindIndex
2024-07-01 12:06:50   In FindIndex
2024-07-01 12:06:50   In Interpolate
2024-07-01 12:06:50   In Interpolate
2024-07-01 12:06:50   In Interpolate
2024-07-01 12:06:50   In Interpolate
2024-07-01 12:06:50   In Interpolate
2024-07-01 12:06:50   In Interpolate
2024-07-01 12:06:50   In FindIndex
2024-07-01 12:06:50   In FindIndex
2024-07-01 12:06:50   In Interpolate
2024-07-01 12:06:50   In Interpolate
2024-07-01 12:06:50   In Interpolate
2024-07-01 12:06:50   In Interpolate
2024-07-01 12:06:50   In Interpolate
2024-07-01 12:06:50   In Interpolate
2024-07-01 12:06:50   In FindIndex
2024-07-01 12:06:50   In FindIndex
2024-07-01 12:06:50   In Interpolate
2024-07-01 12:06:50   In Interpolate
2024-07-01 12:06:50   In Interpolate
2024-07-01 12:06:50   In Interpolate
2024-07-01 12:06:50   In Interpolate
2024-07-01 12:06:50   In Interpolate
2024-07-01 12:06:50   In FindIndex
2024-07-01 12:06:50   In FindIndex
2024-07-01 12:06:50   In Interpolate
2024-07-01 12:06:50   In Interpolate
2024-07-01 12:06:50   In Interpolate
2024-07-01 12:06:50   In Interpolate
2024-07-01 12:06:50   In Interpolate
2024-07-01 12:06:50   In Interpolate
2024-07-01 12:06:50   In FindIndex
2024-07-01 12:06:50   In FindIndex
2024-07-01 12:06:50   In Interpolate
2024-07-01 12:06:50   In Interpolate
2024-07-01 12:06:50   In Interpolate
2024-07-01 12:06:50   In Interpolate
2024-07-01 12:06:50   In Interpolate
2024-07-01 12:06:50   In Interpolate
2024-07-01 12:06:50   In FindIndex
2024-07-01 12:06:50   In FindIndex
2024-07-01 12:06:50   In Interpolate
2024-07-01 12:06:50   In Interpolate
2024-07-01 12:06:50   In Interpolate
2024-07-01 12:06:50   In Interpolate
2024-07-01 12:06:50   In Interpolate
2024-07-01 12:06:50   In Interpolate
2024-07-01 12:06:50   In FindIndex
2024-07-01 12:06:50   In FindIndex
2024-07-01 12:06:50   In Interpolate
2024-07-01 12:06:50   In Interpolate
2024-07-01 12:06:50   In Interpolate
2024-07-01 12:06:50   In Interpolate
2024-07-01 12:06:50   In Interpolate
2024-07-01 12:06:50   In Interpolate
2024-07-01 12:06:50   In FindIndex
2024-07-01 12:06:50   In FindIndex
2024-07-01 12:06:50   In Interpolate
2024-07-01 12:06:50   In Interpolate
2024-07-01 12:06:50   In Interpolate
2024-07-01 12:06:50   In Interpolate
2024-07-01 12:06:50   In Interpolate
2024-07-01 12:06:50   In Interpolate
2024-07-01 12:06:50   In FindIndex
2024-07-01 12:06:50   In FindIndex
2024-07-01 12:06:50   In Interpolate
2024-07-01 12:06:50   In Interpolate
2024-07-01 12:06:50   In Interpolate
2024-07-01 12:06:50   In Interpolate
2024-07-01 12:06:50   In Interpolate
2024-07-01 12:06:50   In Interpolate
2024-07-01 12:06:50   In FindIndex
2024-07-01 12:06:50   In FindIndex
2024-07-01 12:06:50   In Interpolate
2024-07-01 12:06:50   In Interpolate
2024-07-01 12:06:50   In Interpolate
2024-07-01 12:06:50   In Interpolate
2024-07-01 12:06:50   In Interpolate
2024-07-01 12:06:50   In Interpolate
2024-07-01 12:06:50   In FindIndex
2024-07-01 12:06:50   In FindIndex
2024-07-01 12:06:50   In Interpolate
2024-07-01 12:06:50   In Interpolate
2024-07-01 12:06:50   In Interpolate
2024-07-01 12:06:50   In Interpolate
2024-07-01 12:06:50   In Interpolate
2024-07-01 12:06:50   In Interpolate
2024-07-01 12:06:50   In FindIndex
2024-07-01 12:06:50   In FindIndex
2024-07-01 12:06:50   In Interpolate
2024-07-01 12:06:50   In Interpolate
2024-07-01 12:06:50   In Interpolate
2024-07-01 12:06:50   In Interpolate
2024-07-01 12:06:50   In Interpolate
2024-07-01 12:06:50   In Interpolate
2024-07-01 12:06:50   In FindIndex
2024-07-01 12:06:50   In FindIndex
2024-07-01 12:06:50   In Interpolate
2024-07-01 12:06:50   In Interpolate
2024-07-01 12:06:50   In Interpolate
2024-07-01 12:06:50   In Interpolate
2024-07-01 12:06:50   In Interpolate
2024-07-01 12:06:50   In Interpolate
2024-07-01 12:06:50   In FindIndex
2024-07-01 12:06:50   In FindIndex
2024-07-01 12:06:50   In Interpolate
2024-07-01 12:06:50   In Interpolate
2024-07-01 12:06:50   In Interpolate
2024-07-01 12:06:50   In Interpolate
2024-07-01 12:06:50   In Interpolate
2024-07-01 12:06:50   In Interpolate
2024-07-01 12:06:50   In FindIndex
2024-07-01 12:06:50   In FindIndex
2024-07-01 12:06:50   In Interpolate
2024-07-01 12:06:50   In Interpolate
2024-07-01 12:06:50   In Interpolate
2024-07-01 12:06:50   In Interpolate
2024-07-01 12:06:50   In Interpolate
2024-07-01 12:06:50   In Interpolate
2024-07-01 12:06:50   In FindIndex
2024-07-01 12:06:50   In FindIndex
2024-07-01 12:06:50   In Interpolate
2024-07-01 12:06:50   In Interpolate
2024-07-01 12:06:50   In Interpolate
2024-07-01 12:06:50   In Interpolate
2024-07-01 12:06:50   In Interpolate
2024-07-01 12:06:50   In Interpolate
2024-07-01 12:06:50   In FindIndex
2024-07-01 12:06:50   In FindIndex
2024-07-01 12:06:50   In Interpolate
2024-07-01 12:06:50   In Interpolate
2024-07-01 12:06:50   In Interpolate
2024-07-01 12:06:50   In Interpolate
2024-07-01 12:06:50   In Interpolate
2024-07-01 12:06:50   In Interpolate
2024-07-01 12:06:50   In FindIndex
2024-07-01 12:06:50   In FindIndex
2024-07-01 12:06:50   In Interpolate
2024-07-01 12:06:50   In Interpolate
2024-07-01 12:06:50   In Interpolate
2024-07-01 12:06:50   In Interpolate
2024-07-01 12:06:50   In Interpolate
2024-07-01 12:06:50   In Interpolate
2024-07-01 12:06:50   In FindIndex
2024-07-01 12:06:50   In FindIndex
2024-07-01 12:06:50   In Interpolate
2024-07-01 12:06:50   In Interpolate
2024-07-01 12:06:50   In Interpolate
2024-07-01 12:06:50   In Interpolate
2024-07-01 12:06:50   In Interpolate
2024-07-01 12:06:50   In Interpolate
2024-07-01 12:06:50   In FindIndex
2024-07-01 12:06:50   In FindIndex
2024-07-01 12:06:50   In Interpolate
2024-07-01 12:06:50   In Interpolate
2024-07-01 12:06:50   In Interpolate
2024-07-01 12:06:50   In Interpolate
2024-07-01 12:06:50   In Interpolate
2024-07-01 12:06:50   In Interpolate
2024-07-01 12:06:50   In FindIndex
2024-07-01 12:06:50   In FindIndex
2024-07-01 12:06:50   In Interpolate
2024-07-01 12:06:50   In Interpolate
2024-07-01 12:06:50   In Interpolate
2024-07-01 12:06:50   In Interpolate
2024-07-01 12:06:50   In Interpolate
2024-07-01 12:06:50   In Interpolate
2024-07-01 12:06:50   In FindIndex
2024-07-01 12:06:50   In FindIndex
2024-07-01 12:06:50   In Interpolate
2024-07-01 12:06:50   In Interpolate
2024-07-01 12:06:50   In Interpolate
2024-07-01 12:06:50   In Interpolate
2024-07-01 12:06:50   In Interpolate
2024-07-01 12:06:50   In Interpolate
2024-07-01 12:06:50   In FindIndex
2024-07-01 12:06:50   In FindIndex
2024-07-01 12:06:50   In Interpolate
2024-07-01 12:06:50   In Interpolate
2024-07-01 12:06:50   In Interpolate
2024-07-01 12:06:50   In Interpolate
2024-07-01 12:06:50   In Interpolate
2024-07-01 12:06:50   In Interpolate
2024-07-01 12:06:50   In FindIndex
2024-07-01 12:06:50   In FindIndex
2024-07-01 12:06:50   In Interpolate
2024-07-01 12:06:50   In Interpolate
2024-07-01 12:06:50   In Interpolate
2024-07-01 12:06:50   In Interpolate
2024-07-01 12:06:50   In Interpolate
2024-07-01 12:06:50   In Interpolate
2024-07-01 12:06:50   In FindIndex
2024-07-01 12:06:50   In FindIndex
2024-07-01 12:06:50   In Interpolate
2024-07-01 12:06:50   In Interpolate
2024-07-01 12:06:50   In Interpolate
2024-07-01 12:06:50   In Interpolate
2024-07-01 12:06:50   In Interpolate
2024-07-01 12:06:50   In Interpolate
2024-07-01 12:06:50   In FindIndex
2024-07-01 12:06:50   In FindIndex
2024-07-01 12:06:50   In Interpolate
2024-07-01 12:06:50   In Interpolate
2024-07-01 12:06:50   In Interpolate
2024-07-01 12:06:50   In Interpolate
2024-07-01 12:06:50   In Interpolate
2024-07-01 12:06:50   In Interpolate
2024-07-01 12:06:50   In FindIndex
2024-07-01 12:06:50   In FindIndex
2024-07-01 12:06:50   In Interpolate
2024-07-01 12:06:50   In Interpolate
2024-07-01 12:06:50   In Interpolate
2024-07-01 12:06:50   In Interpolate
2024-07-01 12:06:50   In Interpolate
2024-07-01 12:06:50   In Interpolate
2024-07-01 12:06:50   In FindIndex
2024-07-01 12:06:50   In FindIndex
2024-07-01 12:06:50   In Interpolate
2024-07-01 12:06:50   In Interpolate
2024-07-01 12:06:50   In Interpolate
2024-07-01 12:06:50   In Interpolate
2024-07-01 12:06:50   In Interpolate
2024-07-01 12:06:50   In Interpolate
2024-07-01 12:06:50   In FindIndex
2024-07-01 12:06:50   In FindIndex
2024-07-01 12:06:50   In Interpolate
2024-07-01 12:06:50   In Interpolate
2024-07-01 12:06:50   In Interpolate
2024-07-01 12:06:50   In Interpolate
2024-07-01 12:06:50   In Interpolate
2024-07-01 12:06:50   In Interpolate
2024-07-01 12:06:50   In FindIndex
2024-07-01 12:06:50   In FindIndex
2024-07-01 12:06:50   In Interpolate
2024-07-01 12:06:50   In Interpolate
2024-07-01 12:06:50   In Interpolate
2024-07-01 12:06:50   In Interpolate
2024-07-01 12:06:50   In Interpolate
2024-07-01 12:06:50   In Interpolate
2024-07-01 12:06:50   In FindIndex
2024-07-01 12:06:50   In FindIndex
2024-07-01 12:06:50   In Interpolate
2024-07-01 12:06:50   In Interpolate
2024-07-01 12:06:50   In Interpolate
2024-07-01 12:06:50   In Interpolate
2024-07-01 12:06:50   In Interpolate
2024-07-01 12:06:50   In Interpolate
2024-07-01 12:06:50   In FindIndex
2024-07-01 12:06:50   In FindIndex
2024-07-01 12:06:50   In Interpolate
2024-07-01 12:06:50   In Interpolate
2024-07-01 12:06:50   In Interpolate
2024-07-01 12:06:50   In Interpolate
2024-07-01 12:06:50   In Interpolate
2024-07-01 12:06:50   In Interpolate
2024-07-01 12:06:50   In FindIndex
2024-07-01 12:06:50   In FindIndex
2024-07-01 12:06:50   In Interpolate
2024-07-01 12:06:50   In Interpolate
2024-07-01 12:06:50   In Interpolate
2024-07-01 12:06:50   In Interpolate
2024-07-01 12:06:50   In Interpolate
2024-07-01 12:06:50   In Interpolate
2024-07-01 12:06:50   In FindIndex
2024-07-01 12:06:50   In FindIndex
2024-07-01 12:06:50   In Interpolate
2024-07-01 12:06:50   In Interpolate
2024-07-01 12:06:50   In Interpolate
2024-07-01 12:06:50   In Interpolate
2024-07-01 12:06:50   In Interpolate
2024-07-01 12:06:50   In Interpolate
2024-07-01 12:06:50   In FindIndex
2024-07-01 12:06:50   In FindIndex
2024-07-01 12:06:50   In Interpolate
2024-07-01 12:06:50   In Interpolate
2024-07-01 12:06:50   In Interpolate
2024-07-01 12:06:50   In Interpolate
2024-07-01 12:06:50   In Interpolate
2024-07-01 12:06:50   In Interpolate
2024-07-01 12:06:50   In FindIndex
2024-07-01 12:06:50   In FindIndex
2024-07-01 12:06:50   In Interpolate
2024-07-01 12:06:50   In Interpolate
2024-07-01 12:06:50   In Interpolate
2024-07-01 12:06:50   In Interpolate
2024-07-01 12:06:50   In Interpolate
2024-07-01 12:06:50   In Interpolate
2024-07-01 12:06:50   In FindIndex
2024-07-01 12:06:50   In FindIndex
2024-07-01 12:06:50   In Interpolate
2024-07-01 12:06:50   In Interpolate
2024-07-01 12:06:50   In Interpolate
2024-07-01 12:06:50   In Interpolate
2024-07-01 12:06:50   In Interpolate
2024-07-01 12:06:50   In Interpolate
2024-07-01 12:06:50   In FindIndex
2024-07-01 12:06:50   In FindIndex
2024-07-01 12:06:50   In Interpolate
2024-07-01 12:06:50   In Interpolate
2024-07-01 12:06:50   In Interpolate
2024-07-01 12:06:50   In Interpolate
2024-07-01 12:06:50   In Interpolate
2024-07-01 12:06:50   In Interpolate
2024-07-01 12:06:50   In FindIndex
2024-07-01 12:06:50   In FindIndex
2024-07-01 12:06:50   In Interpolate
2024-07-01 12:06:50   In Interpolate
2024-07-01 12:06:50   In Interpolate
2024-07-01 12:06:50   In Interpolate
2024-07-01 12:06:50   In Interpolate
2024-07-01 12:06:50   In Interpolate
2024-07-01 12:06:50   In FindIndex
2024-07-01 12:06:50   In FindIndex
2024-07-01 12:06:50   In Interpolate
2024-07-01 12:06:50   In Interpolate
2024-07-01 12:06:50   In Interpolate
2024-07-01 12:06:50   In Interpolate
2024-07-01 12:06:50   In Interpolate
2024-07-01 12:06:50   In Interpolate
2024-07-01 12:06:50   In FindIndex
2024-07-01 12:06:50   In FindIndex
2024-07-01 12:06:50   In Interpolate
2024-07-01 12:06:50   In Interpolate
2024-07-01 12:06:50   In Interpolate
2024-07-01 12:06:50   In Interpolate
2024-07-01 12:06:50   In Interpolate
2024-07-01 12:06:50   In Interpolate
2024-07-01 12:06:50   In FindIndex
2024-07-01 12:06:50   In FindIndex
2024-07-01 12:06:50   In Interpolate
2024-07-01 12:06:50   In Interpolate
2024-07-01 12:06:50   In Interpolate
2024-07-01 12:06:50   In Interpolate
2024-07-01 12:06:50   In Interpolate
2024-07-01 12:06:50   In Interpolate
2024-07-01 12:06:50   In FindIndex
2024-07-01 12:06:50   In FindIndex
2024-07-01 12:06:50   In Interpolate
2024-07-01 12:06:50   In Interpolate
2024-07-01 12:06:50   In Interpolate
2024-07-01 12:06:50   In Interpolate
2024-07-01 12:06:50   In Interpolate
2024-07-01 12:06:50   In Interpolate
2024-07-01 12:06:50   In FindIndex
2024-07-01 12:06:50   In FindIndex
2024-07-01 12:06:50   In Interpolate
2024-07-01 12:06:50   In Interpolate
2024-07-01 12:06:50   In Interpolate
2024-07-01 12:06:50   In Interpolate
2024-07-01 12:06:50   In Interpolate
2024-07-01 12:06:50   In Interpolate
2024-07-01 12:06:50   In FindIndex
2024-07-01 12:06:50   In FindIndex
2024-07-01 12:06:50   In Interpolate
2024-07-01 12:06:50   In Interpolate
2024-07-01 12:06:50   In Interpolate
2024-07-01 12:06:50   In Interpolate
2024-07-01 12:06:50   In Interpolate
2024-07-01 12:06:50   In Interpolate
2024-07-01 12:06:50   In FindIndex
2024-07-01 12:06:50   In FindIndex
2024-07-01 12:06:50   In Interpolate
2024-07-01 12:06:50   In Interpolate
2024-07-01 12:06:50   In Interpolate
2024-07-01 12:06:50   In Interpolate
2024-07-01 12:06:50   In Interpolate
2024-07-01 12:06:50   In Interpolate
2024-07-01 12:06:50   In FindIndex
2024-07-01 12:06:50   In FindIndex
2024-07-01 12:06:50   In Interpolate
2024-07-01 12:06:50   In Interpolate
2024-07-01 12:06:50   In Interpolate
2024-07-01 12:06:50   In Interpolate
2024-07-01 12:06:50   In Interpolate
2024-07-01 12:06:50   In Interpolate
2024-07-01 12:06:50   In FindIndex
2024-07-01 12:06:50   In FindIndex
2024-07-01 12:06:50   In Interpolate
2024-07-01 12:06:50   In Interpolate
2024-07-01 12:06:50   In Interpolate
2024-07-01 12:06:50   In Interpolate
2024-07-01 12:06:50   In Interpolate
2024-07-01 12:06:50   In Interpolate
2024-07-01 12:06:50   In FindIndex
2024-07-01 12:06:50   In FindIndex
2024-07-01 12:06:50   In Interpolate
2024-07-01 12:06:50   In Interpolate
2024-07-01 12:06:50   In Interpolate
2024-07-01 12:06:50   In Interpolate
2024-07-01 12:06:50   In Interpolate
2024-07-01 12:06:50   In Interpolate
2024-07-01 12:06:50   In FindIndex
2024-07-01 12:06:50   In FindIndex
2024-07-01 12:06:50   In Interpolate
2024-07-01 12:06:50   In Interpolate
2024-07-01 12:06:50   In Interpolate
2024-07-01 12:06:50   In Interpolate
2024-07-01 12:06:50   In Interpolate
2024-07-01 12:06:50   In Interpolate
2024-07-01 12:06:50   In FindIndex
2024-07-01 12:06:50   In FindIndex
2024-07-01 12:06:50   In Interpolate
2024-07-01 12:06:50   In Interpolate
2024-07-01 12:06:50   In Interpolate
2024-07-01 12:06:50   In Interpolate
2024-07-01 12:06:50   In Interpolate
2024-07-01 12:06:50   In Interpolate
2024-07-01 12:06:51   In FitMotorTorque
2024-07-01 12:06:51   In tsc_InitSineFitMatrix
2024-07-01 12:06:51   In CalcRegressorSineSubmatrix
2024-07-01 12:06:51   In tsc_InitSineFitMeasurmentsVector
2024-07-01 12:06:51   In CalibrateGravityFree
2024-07-01 12:06:51   In tsc_InitSineFitMatrix
2024-07-01 12:06:51   In CalcRegressorSineSubmatrix
2024-07-01 12:06:51   In tsc_InitSineFitMeasurmentsVector
2024-07-01 12:06:52   In tsc_InitSineFitMeasurmentsVector
2024-07-01 12:06:52   In CalcCoefficients
2024-07-01 12:06:52   In CalcCoefficients
2024-07-01 12:06:52   In tsc_CalcGoodnessOfFitPValue
2024-07-01 12:06:52   In SelectFinalAction
2024-07-01 12:06:57   Safety Services grant
2024-07-01 12:06:57   In ApplyOffsetsToAxis
2024-07-01 12:06:57   In EnterConfirmationCodeMenu
2024-07-01 12:07:14   In ApplyOffsetsToAxis
2024-07-01 12:07:14   Before MocGenInstr 4501
2024-07-01 12:07:14   After MocGenInstr 4501
2024-07-01 12:07:20   In SelectFinalAction
2024-07-01 12:07:23   Safety Services grant
2024-07-01 12:07:23   In ApplyOffsetsToAxis
2024-07-01 12:07:23   In EnterConfirmationCodeMenu
2024-07-01 12:07:32   In ApplyOffsetsToAxis
2024-07-01 12:07:32   Before MocGenInstr 4501
2024-07-01 12:07:32   After MocGenInstr 4501
2024-07-01 12:07:41   tsc_end
2024-07-01 12:07:41   Active tool when ending: tool0
